Archive member included to satisfy reference by file (symbol)

../Middlewares/ST/ARM/DSP/Lib\libarm_cortexM4lf_math.a(arm_abs_f32.o)
                              ./Core/Src/DCL.o (arm_abs_f32)
D:/STM32CubeIDE_1.15.0/STM32CubeIDE/plugins/com.st.stm32cube.ide.mcu.externaltools.gnu-tools-for-stm32.12.3.rel1.win32_1.0.100.202403111256/tools/bin/../lib/gcc/arm-none-eabi/12.3.1/../../../../arm-none-eabi/lib/thumb/v7e-m+fp/hard\libc_nano.a(libc_a-exit.o)
                              D:/STM32CubeIDE_1.15.0/STM32CubeIDE/plugins/com.st.stm32cube.ide.mcu.externaltools.gnu-tools-for-stm32.12.3.rel1.win32_1.0.100.202403111256/tools/bin/../lib/gcc/arm-none-eabi/12.3.1/../../../../arm-none-eabi/lib/thumb/v7e-m+fp/hard/crt0.o (exit)
D:/STM32CubeIDE_1.15.0/STM32CubeIDE/plugins/com.st.stm32cube.ide.mcu.externaltools.gnu-tools-for-stm32.12.3.rel1.win32_1.0.100.202403111256/tools/bin/../lib/gcc/arm-none-eabi/12.3.1/../../../../arm-none-eabi/lib/thumb/v7e-m+fp/hard\libc_nano.a(libc_a-findfp.o)
                              D:/STM32CubeIDE_1.15.0/STM32CubeIDE/plugins/com.st.stm32cube.ide.mcu.externaltools.gnu-tools-for-stm32.12.3.rel1.win32_1.0.100.202403111256/tools/bin/../lib/gcc/arm-none-eabi/12.3.1/../../../../arm-none-eabi/lib/thumb/v7e-m+fp/hard\libc_nano.a(libc_a-exit.o) (__stdio_exit_handler)
D:/STM32CubeIDE_1.15.0/STM32CubeIDE/plugins/com.st.stm32cube.ide.mcu.externaltools.gnu-tools-for-stm32.12.3.rel1.win32_1.0.100.202403111256/tools/bin/../lib/gcc/arm-none-eabi/12.3.1/../../../../arm-none-eabi/lib/thumb/v7e-m+fp/hard\libc_nano.a(libc_a-fwalk.o)
                              D:/STM32CubeIDE_1.15.0/STM32CubeIDE/plugins/com.st.stm32cube.ide.mcu.externaltools.gnu-tools-for-stm32.12.3.rel1.win32_1.0.100.202403111256/tools/bin/../lib/gcc/arm-none-eabi/12.3.1/../../../../arm-none-eabi/lib/thumb/v7e-m+fp/hard\libc_nano.a(libc_a-findfp.o) (_fwalk_sglue)
D:/STM32CubeIDE_1.15.0/STM32CubeIDE/plugins/com.st.stm32cube.ide.mcu.externaltools.gnu-tools-for-stm32.12.3.rel1.win32_1.0.100.202403111256/tools/bin/../lib/gcc/arm-none-eabi/12.3.1/../../../../arm-none-eabi/lib/thumb/v7e-m+fp/hard\libc_nano.a(libc_a-stdio.o)
                              D:/STM32CubeIDE_1.15.0/STM32CubeIDE/plugins/com.st.stm32cube.ide.mcu.externaltools.gnu-tools-for-stm32.12.3.rel1.win32_1.0.100.202403111256/tools/bin/../lib/gcc/arm-none-eabi/12.3.1/../../../../arm-none-eabi/lib/thumb/v7e-m+fp/hard\libc_nano.a(libc_a-findfp.o) (__sread)
D:/STM32CubeIDE_1.15.0/STM32CubeIDE/plugins/com.st.stm32cube.ide.mcu.externaltools.gnu-tools-for-stm32.12.3.rel1.win32_1.0.100.202403111256/tools/bin/../lib/gcc/arm-none-eabi/12.3.1/../../../../arm-none-eabi/lib/thumb/v7e-m+fp/hard\libc_nano.a(libc_a-memset.o)
                              D:/STM32CubeIDE_1.15.0/STM32CubeIDE/plugins/com.st.stm32cube.ide.mcu.externaltools.gnu-tools-for-stm32.12.3.rel1.win32_1.0.100.202403111256/tools/bin/../lib/gcc/arm-none-eabi/12.3.1/../../../../arm-none-eabi/lib/thumb/v7e-m+fp/hard/crt0.o (memset)
D:/STM32CubeIDE_1.15.0/STM32CubeIDE/plugins/com.st.stm32cube.ide.mcu.externaltools.gnu-tools-for-stm32.12.3.rel1.win32_1.0.100.202403111256/tools/bin/../lib/gcc/arm-none-eabi/12.3.1/../../../../arm-none-eabi/lib/thumb/v7e-m+fp/hard\libc_nano.a(libc_a-closer.o)
                              D:/STM32CubeIDE_1.15.0/STM32CubeIDE/plugins/com.st.stm32cube.ide.mcu.externaltools.gnu-tools-for-stm32.12.3.rel1.win32_1.0.100.202403111256/tools/bin/../lib/gcc/arm-none-eabi/12.3.1/../../../../arm-none-eabi/lib/thumb/v7e-m+fp/hard\libc_nano.a(libc_a-stdio.o) (_close_r)
D:/STM32CubeIDE_1.15.0/STM32CubeIDE/plugins/com.st.stm32cube.ide.mcu.externaltools.gnu-tools-for-stm32.12.3.rel1.win32_1.0.100.202403111256/tools/bin/../lib/gcc/arm-none-eabi/12.3.1/../../../../arm-none-eabi/lib/thumb/v7e-m+fp/hard\libc_nano.a(libc_a-reent.o)
                              D:/STM32CubeIDE_1.15.0/STM32CubeIDE/plugins/com.st.stm32cube.ide.mcu.externaltools.gnu-tools-for-stm32.12.3.rel1.win32_1.0.100.202403111256/tools/bin/../lib/gcc/arm-none-eabi/12.3.1/../../../../arm-none-eabi/lib/thumb/v7e-m+fp/hard\libc_nano.a(libc_a-closer.o) (errno)
D:/STM32CubeIDE_1.15.0/STM32CubeIDE/plugins/com.st.stm32cube.ide.mcu.externaltools.gnu-tools-for-stm32.12.3.rel1.win32_1.0.100.202403111256/tools/bin/../lib/gcc/arm-none-eabi/12.3.1/../../../../arm-none-eabi/lib/thumb/v7e-m+fp/hard\libc_nano.a(libc_a-impure.o)
                              D:/STM32CubeIDE_1.15.0/STM32CubeIDE/plugins/com.st.stm32cube.ide.mcu.externaltools.gnu-tools-for-stm32.12.3.rel1.win32_1.0.100.202403111256/tools/bin/../lib/gcc/arm-none-eabi/12.3.1/../../../../arm-none-eabi/lib/thumb/v7e-m+fp/hard\libc_nano.a(libc_a-reent.o) (_impure_ptr)
D:/STM32CubeIDE_1.15.0/STM32CubeIDE/plugins/com.st.stm32cube.ide.mcu.externaltools.gnu-tools-for-stm32.12.3.rel1.win32_1.0.100.202403111256/tools/bin/../lib/gcc/arm-none-eabi/12.3.1/../../../../arm-none-eabi/lib/thumb/v7e-m+fp/hard\libc_nano.a(libc_a-lseekr.o)
[...]
Memory Configuration

Name             Origin             Length             Attributes
CCMRAM           0x10000000         0x00001000         xrw
RAM              0x20000000         0x00003000         xrw
FLASH            0x08000000         0x00010000         xr
*default*        0x00000000         0xffffffff

Linker script and memory map

LOAD D:/STM32CubeIDE_1.15.0/STM32CubeIDE/plugins/com.st.stm32cube.ide.mcu.externaltools.gnu-tools-for-stm32.12.3.rel1.win32_1.0.100.202403111256/tools/bin/../lib/gcc/arm-none-eabi/12.3.1/thumb/v7e-m+fp/hard/crti.o
LOAD D:/STM32CubeIDE_1.15.0/STM32CubeIDE/plugins/com.st.stm32cube.ide.mcu.externaltools.gnu-tools-for-stm32.12.3.rel1.win32_1.0.100.202403111256/tools/bin/../lib/gcc/arm-none-eabi/12.3.1/thumb/v7e-m+fp/hard/crtbegin.o
LOAD D:/STM32CubeIDE_1.15.0/STM32CubeIDE/plugins/com.st.stm32cube.ide.mcu.externaltools.gnu-tools-for-stm32.12.3.rel1.win32_1.0.100.202403111256/tools/bin/../lib/gcc/arm-none-eabi/12.3.1/../../../../arm-none-eabi/lib/thumb/v7e-m+fp/hard/crt0.o
LOAD ./Core/Src/CSL.o
LOAD ./Core/Src/DCL.o
LOAD ./Core/Src/PID.o
LOAD ./Core/Src/PR.o
LOAD ./Core/Src/adc.o
LOAD ./Core/Src/config.o
LOAD ./Core/Src/dma.o
LOAD ./Core/Src/gpio.o
LOAD ./Core/Src/hrtim.o
LOAD ./Core/Src/lowPassFilter.o
LOAD ./Core/Src/main.o
LOAD ./Core/Src/movingRms.o
LOAD ./Core/Src/mppt.o
LOAD ./Core/Src/sample.o
LOAD ./Core/Src/sogiPll.o
LOAD ./Core/Src/stateMachine.o
LOAD ./Core/Src/stm32f3xx_hal_msp.o
LOAD ./Core/Src/stm32f3xx_it.o
LOAD ./Core/Src/syscalls.o
LOAD ./Core/Src/sysmem.o
LOAD ./Core/Src/system_stm32f3xx.o
LOAD ./Core/Src/task.o
LOAD ./Core/Src/tim.o
LOAD ./Core/Startup/startup_stm32f334c8tx.o
LOAD ./Drivers/STM32F3xx_HAL_Driver/Src/stm32f3xx_hal.o
LOAD ./Drivers/STM32F3xx_HAL_Driver/Src/stm32f3xx_hal_adc.o
LOAD ./Drivers/STM32F3xx_HAL_Driver/Src/stm32f3xx_hal_adc_ex.o
LOAD ./Drivers/STM32F3xx_HAL_Driver/Src/stm32f3xx_hal_cortex.o
LOAD ./Drivers/STM32F3xx_HAL_Driver/Src/stm32f3xx_hal_dma.o
LOAD ./Drivers/STM32F3xx_HAL_Driver/Src/stm32f3xx_hal_exti.o
LOAD ./Drivers/STM32F3xx_HAL_Driver/Src/stm32f3xx_hal_flash.o
LOAD ./Drivers/STM32F3xx_HAL_Driver/Src/stm32f3xx_hal_flash_ex.o
LOAD ./Drivers/STM32F3xx_HAL_Driver/Src/stm32f3xx_hal_gpio.o
LOAD ./Drivers/STM32F3xx_HAL_Driver/Src/stm32f3xx_hal_hrtim.o
LOAD ./Drivers/STM32F3xx_HAL_Driver/Src/stm32f3xx_hal_i2c.o
LOAD ./Drivers/STM32F3xx_HAL_Driver/Src/stm32f3xx_hal_i2c_ex.o
LOAD ./Drivers/STM32F3xx_HAL_Driver/Src/stm32f3xx_hal_pwr.o
LOAD ./Drivers/STM32F3xx_HAL_Driver/Src/stm32f3xx_hal_pwr_ex.o
LOAD ./Drivers/STM32F3xx_HAL_Driver/Src/stm32f3xx_hal_rcc.o
LOAD ./Drivers/STM32F3xx_HAL_Driver/Src/stm32f3xx_hal_rcc_ex.o
LOAD ./Drivers/STM32F3xx_HAL_Driver/Src/stm32f3xx_hal_tim.o
LOAD ./Drivers/STM32F3xx_HAL_Driver/Src/stm32f3xx_hal_tim_ex.o
LOAD ../Middlewares/ST/ARM/DSP/Lib\libarm_cortexM4lf_math.a
START GROUP
LOAD D:/STM32CubeIDE_1.15.0/STM32CubeIDE/plugins/com.st.stm32cube.ide.mcu.externaltools.gnu-tools-for-stm32.12.3.rel1.win32_1.0.100.202403111256/tools/bin/../lib/gcc/arm-none-eabi/12.3.1/../../../../arm-none-eabi/lib/thumb/v7e-m+fp/hard\libc_nano.a
LOAD D:/STM32CubeIDE_1.15.0/STM32CubeIDE/plugins/com.st.stm32cube.ide.mcu.externaltools.gnu-tools-for-stm32.12.3.rel1.win32_1.0.100.202403111256/tools/bin/../lib/gcc/arm-none-eabi/12.3.1/../../../../arm-none-eabi/lib/thumb/v7e-m+fp/hard\libm.a
END GROUP
START GROUP
LOAD D:/STM32CubeIDE_1.15.0/STM32CubeIDE/plugins/com.st.stm32cube.ide.mcu.externaltools.gnu-tools-for-stm32.12.3.rel1.win32_1.0.100.202403111256/tools/bin/../lib/gcc/arm-none-eabi/12.3.1/thumb/v7e-m+fp/hard\libgcc.a
LOAD D:/STM32CubeIDE_1.15.0/STM32CubeIDE/plugins/com.st.stm32cube.ide.mcu.externaltools.gnu-tools-for-stm32.12.3.rel1.win32_1.0.100.202403111256/tools/bin/../lib/gcc/arm-none-eabi/12.3.1/../../../../arm-none-eabi/lib/thumb/v7e-m+fp/hard\libc_nano.a
END GROUP
START GROUP
LOAD D:/STM32CubeIDE_1.15.0/STM32CubeIDE/plugins/com.st.stm32cube.ide.mcu.externaltools.gnu-tools-for-stm32.12.3.rel1.win32_1.0.100.202403111256/tools/bin/../lib/gcc/arm-none-eabi/12.3.1/thumb/v7e-m+fp/hard\libgcc.a
LOAD D:/STM32CubeIDE_1.15.0/STM32CubeIDE/plugins/com.st.stm32cube.ide.mcu.externaltools.gnu-tools-for-stm32.12.3.rel1.win32_1.0.100.202403111256/tools/bin/../lib/gcc/arm-none-eabi/12.3.1/../../../../arm-none-eabi/lib/thumb/v7e-m+fp/hard\libc_nano.a
LOAD D:/STM32CubeIDE_1.15.0/STM32CubeIDE/plugins/com.st.stm32cube.ide.mcu.externaltools.gnu-tools-for-stm32.12.3.rel1.win32_1.0.100.202403111256/tools/bin/../lib/gcc/arm-none-eabi/12.3.1/../../../../arm-none-eabi/lib/thumb/v7e-m+fp/hard\libnosys.a
END GROUP
START GROUP
LOAD D:/STM32CubeIDE_1.15.0/STM32CubeIDE/plugins/com.st.stm32cube.ide.mcu.externaltools.gnu-tools-for-stm32.12.3.rel1.win32_1.0.100.202403111256/tools/bin/../lib/gcc/arm-none-eabi/12.3.1/thumb/v7e-m+fp/hard\libgcc.a
LOAD D:/STM32CubeIDE_1.15.0/STM32CubeIDE/plugins/com.st.stm32cube.ide.mcu.externaltools.gnu-tools-for-stm32.12.3.rel1.win32_1.0.100.202403111256/tools/bin/../lib/gcc/arm-none-eabi/12.3.1/../../../../arm-none-eabi/lib/thumb/v7e-m+fp/hard\libc_nano.a
LOAD D:/STM32CubeIDE_1.15.0/STM32CubeIDE/plugins/com.st.stm32cube.ide.mcu.externaltools.gnu-tools-for-stm32.12.3.rel1.win32_1.0.100.202403111256/tools/bin/../lib/gcc/arm-none-eabi/12.3.1/../../../../arm-none-eabi/lib/thumb/v7e-m+fp/hard\libnosys.a
END GROUP
LOAD D:/STM32CubeIDE_1.15.0/STM32CubeIDE/plugins/com.st.stm32cube.ide.mcu.externaltools.gnu-tools-for-stm32.12.3.rel1.win32_1.0.100.202403111256/tools/bin/../lib/gcc/arm-none-eabi/12.3.1/thumb/v7e-m+fp/hard/crtend.o
LOAD D:/STM32CubeIDE_1.15.0/STM32CubeIDE/plugins/com.st.stm32cube.ide.mcu.externaltools.gnu-tools-for-stm32.12.3.rel1.win32_1.0.100.202403111256/tools/bin/../lib/gcc/arm-none-eabi/12.3.1/thumb/v7e-m+fp/hard/crtn.o
                0x20003000                        _estack = (ORIGIN (RAM) + LENGTH (RAM))
                0x00000200                        _Min_Heap_Size = 0x200
                0x00000400                        _Min_Stack_Size = 0x400

.isr_vector     0x08000000      0x188
                0x08000000                        . = ALIGN (0x4)
 *(.isr_vector)
 .isr_vector    0x08000000      0x188 ./Core/Startup/startup_stm32f334c8tx.o
                0x08000000                g_pfnVectors
                0x08000188                        . = ALIGN (0x4)

.text           0x08000188     0x9664
                0x08000188                        . = ALIGN (0x4)
 *(.text)
 .text          0x08000188       0x40 D:/STM32CubeIDE_1.15.0/STM32CubeIDE/plugins/com.st.stm32cube.ide.mcu.externaltools.gnu-tools-for-stm32.12.3.rel1.win32_1.0.100.202403111256/tools/bin/../lib/gcc/arm-none-eabi/12.3.1/thumb/v7e-m+fp/hard/crtbegin.o
 .text          0x080001c8      0x378 D:/STM32CubeIDE_1.15.0/STM32CubeIDE/plugins/com.st.stm32cube.ide.mcu.externaltools.gnu-tools-for-stm32.12.3.rel1.win32_1.0.100.202403111256/tools/bin/../lib/gcc/arm-none-eabi/12.3.1/thumb/v7e-m+fp/hard\libgcc.a(_arm_addsubdf3.o)
                0x080001c8                __aeabi_drsub
                0x080001d0                __aeabi_dsub
                0x080001d0                __subdf3
                0x080001d4                __aeabi_dadd
                0x080001d4                __adddf3
                0x0800044c                __floatunsidf
                0x0800044c                __aeabi_ui2d
                0x0800046c                __floatsidf
                0x0800046c                __aeabi_i2d
                0x08000490                __aeabi_f2d
                0x08000490                __extendsfdf2
                0x080004d4                __floatundidf
                0x080004d4                __aeabi_ul2d
                0x080004e4                __floatdidf
                0x080004e4                __aeabi_l2d
 .text          0x08000540      0x424 D:/STM32CubeIDE_1.15.0/STM32CubeIDE/plugins/com.st.stm32cube.ide.mcu.externaltools.gnu-tools-for-stm32.12.3.rel1.win32_1.0.100.202403111256/tools/bin/../lib/gcc/arm-none-eabi/12.3.1/thumb/v7e-m+fp/hard\libgcc.a(_arm_muldivdf3.o)
                0x08000540                __aeabi_dmul
                0x08000540                __muldf3
                0x08000794                __divdf3
                0x08000794                __aeabi_ddiv
 .text          0x08000964      0x110 D:/STM32CubeIDE_1.15.0/STM32CubeIDE/plugins/com.st.stm32cube.ide.mcu.externaltools.gnu-tools-for-stm32.12.3.rel1.win32_1.0.100.202403111256/tools/bin/../lib/gcc/arm-none-eabi/12.3.1/thumb/v7e-m+fp/hard\libgcc.a(_arm_cmpdf2.o)
                0x08000964                __gtdf2
                0x08000964                __gedf2
                0x0800096c                __ltdf2
                0x0800096c                __ledf2
                0x08000974                __nedf2
                0x08000974                __eqdf2
                0x08000974                __cmpdf2
                0x080009f0                __aeabi_cdrcmple
                0x08000a00                __aeabi_cdcmpeq
                0x08000a00                __aeabi_cdcmple
                0x08000a10                __aeabi_dcmpeq
                0x08000a24                __aeabi_dcmplt
                0x08000a38                __aeabi_dcmple
                0x08000a4c                __aeabi_dcmpge
                0x08000a60                __aeabi_dcmpgt
 .text          0x08000a74       0xa0 D:/STM32CubeIDE_1.15.0/STM32CubeIDE/plugins/com.st.stm32cube.ide.mcu.externaltools.gnu-tools-for-stm32.12.3.rel1.win32_1.0.100.202403111256/tools/bin/../lib/gcc/arm-none-eabi/12.3.1/thumb/v7e-m+fp/hard\libgcc.a(_arm_truncdfsf2.o)
                0x08000a74                __truncdfsf2
                0x08000a74                __aeabi_d2f
 *(.text*)
 .text.stopPWM  0x08000b14       0x44 ./Core/Src/DCL.o
 .text.startAllInterrupt
                0x08000b58       0x12 ./Core/Src/DCL.o
 .text.stopAllInterrupt
                0x08000b6a       0x12 ./Core/Src/DCL.o
 .text.updatePWM
                0x08000b7c       0x60 ./Core/Src/DCL.o
 .text.upDownLimitFloat
                0x08000bdc       0x52 ./Core/Src/DCL.o
 .text.upDownLimitUint
                0x08000c2e       0x32 ./Core/Src/DCL.o
 .text.calcDuty
                0x08000c60       0x30 ./Core/Src/DCL.o
 .text.stopTim1Interrupt
                0x08000c90       0x1c ./Core/Src/DCL.o
 .text.stopTim2Interrupt
                0x08000cac       0x1c ./Core/Src/DCL.o
 .text.DCL_init
                0x08000cc8       0xbc ./Core/Src/DCL.o
                0x08000cc8                DCL_init
 .text.currentLoopCalc
                0x08000d84      0x15c ./Core/Src/DCL.o
                0x08000d84                currentLoopCalc
 .text.protectCheck
                0x08000ee0       0xac ./Core/Src/DCL.o
                0x08000ee0                protectCheck
 .text.calcDeadTime
                0x08000f8c       0xa4 ./Core/Src/DCL.o
                0x08000f8c                calcDeadTime
 .text.runCurrentLoop
                0x08001030       0xac ./Core/Src/DCL.o
                0x08001030                runCurrentLoop
 .text.runVoltageLoop
                0x080010dc       0xb8 ./Core/Src/DCL.o
                0x080010dc                runVoltageLoop
 .text.PID_init
                0x08001194       0x56 ./Core/Src/PID.o
                0x08001194                PID_init
 .text.PI_transfer
                0x080011ea       0x8a ./Core/Src/PID.o
                0x080011ea                PI_transfer
 .text.PR_init  0x08001274      0x248 ./Core/Src/PR.o
                0x08001274                PR_init
 .text.PR_calc  0x080014bc       0xa4 ./Core/Src/PR.o
                0x080014bc                PR_calc
 .text.MX_ADC1_Init
                0x08001560      0x140 ./Core/Src/adc.o
                0x08001560                MX_ADC1_Init
 .text.MX_ADC2_Init
                0x080016a0      0x104 ./Core/Src/adc.o
                0x080016a0                MX_ADC2_Init
 .text.HAL_ADC_MspInit
                0x080017a4      0x154 ./Core/Src/adc.o
                0x080017a4                HAL_ADC_MspInit
 .text.HAL_ADC_ConvHalfCpltCallback
                0x080018f8       0x20 ./Core/Src/adc.o
                0x080018f8                HAL_ADC_ConvHalfCpltCallback
 .text.systemCoefficientInit
                0x08001918       0x80 ./Core/Src/config.o
                0x08001918                systemCoefficientInit
 .text.controlStateInit
                0x08001998       0x68 ./Core/Src/config.o
                0x08001998                controlStateInit
 .text.faultStateInit
                0x08001a00       0x56 ./Core/Src/config.o
                0x08001a00                faultStateInit
 *fill*         0x08001a56        0x2 
 .text.MX_DMA_Init
                0x08001a58       0x3c ./Core/Src/dma.o
                0x08001a58                MX_DMA_Init
 .text.MX_GPIO_Init
                0x08001a94      0x100 ./Core/Src/gpio.o
                0x08001a94                MX_GPIO_Init
 .text.MX_HRTIM1_Init
                0x08001b94      0x2ec ./Core/Src/hrtim.o
                0x08001b94                MX_HRTIM1_Init
 .text.HAL_HRTIM_MspInit
                0x08001e80       0x40 ./Core/Src/hrtim.o
                0x08001e80                HAL_HRTIM_MspInit
 .text.HAL_HRTIM_MspPostInit
                0x08001ec0       0x70 ./Core/Src/hrtim.o
                0x08001ec0                HAL_HRTIM_MspPostInit
 .text.lowPassFilterInit
                0x08001f30       0x8c ./Core/Src/lowPassFilter.o
                0x08001f30                lowPassFilterInit
 .text.calcLowPassFilter
                0x08001fbc       0x6c ./Core/Src/lowPassFilter.o
                0x08001fbc                calcLowPassFilter
 .text.main     0x08002028       0x44 ./Core/Src/main.o
                0x08002028                main
 .text.SystemClock_Config
                0x0800206c       0xc8 ./Core/Src/main.o
                0x0800206c                SystemClock_Config
 .text.Error_Handler
                0x08002134        0xc ./Core/Src/main.o
                0x08002134                Error_Handler
 .text.mpptInit
                0x08002140       0x90 ./Core/Src/mppt.o
                0x08002140                mpptInit
 .text.mpptPno  0x080021d0      0x134 ./Core/Src/mppt.o
                0x080021d0                mpptPno
 .text.adcValueInit
                0x08002304       0x68 ./Core/Src/sample.o
                0x08002304                adcValueInit
 .text.rmsValueInit
                0x0800236c       0x4a ./Core/Src/sample.o
                0x0800236c                rmsValueInit
 *fill*         0x080023b6        0x2 
 .text.adcSampleGainInit
                0x080023b8       0x5c ./Core/Src/sample.o
                0x080023b8                adcSampleGainInit
 *fill*         0x08002414        0x4 
 .text.adcReadConvert
                0x08002418      0x220 ./Core/Src/sample.o
                0x08002418                adcReadConvert
 .text.calcRmsSum
                0x08002638       0x84 ./Core/Src/sample.o
                0x08002638                calcRmsSum
 .text.calcRms  0x080026bc      0x14c ./Core/Src/sample.o
                0x080026bc                calcRms
 .text.sogiPll_init
                0x08002808       0xb8 ./Core/Src/sogiPll.o
                0x08002808                sogiPll_init
 .text.sogiConfig
                0x080028c0       0x4e ./Core/Src/sogiPll.o
                0x080028c0                sogiConfig
 *fill*         0x0800290e        0x2 
 .text.sogiPllOsgCofficientCalc
                0x08002910      0x12c ./Core/Src/sogiPll.o
                0x08002910                sogiPllOsgCofficientCalc
 .text.sogiPllLoop_calc
                0x08002a3c      0x22c ./Core/Src/sogiPll.o
                0x08002a3c                sogiPllLoop_calc
 .text.startPWM
                0x08002c68       0x44 ./Core/Src/stateMachine.o
 .text.stopPWM  0x08002cac       0x44 ./Core/Src/stateMachine.o
 .text.startAllInterrupt
                0x08002cf0       0x12 ./Core/Src/stateMachine.o
 .text.stopAllInterrupt
                0x08002d02       0x12 ./Core/Src/stateMachine.o
 .text.stopTim1Interrupt
                0x08002d14       0x1c ./Core/Src/stateMachine.o
 .text.stopTim2Interrupt
                0x08002d30       0x1c ./Core/Src/stateMachine.o
 .text.startTim1Interrupt
                0x08002d4c       0x34 ./Core/Src/stateMachine.o
 .text.startTim2Interrupt
                0x08002d80       0x34 ./Core/Src/stateMachine.o
 .text.changeADCTrigToTim1
                0x08002db4       0x3c ./Core/Src/stateMachine.o
 .text.changeADCTrigToTim2
                0x08002df0       0x3c ./Core/Src/stateMachine.o
 .text.openRelay
                0x08002e2c       0x24 ./Core/Src/stateMachine.o
 .text.closeRelay
                0x08002e50       0x24 ./Core/Src/stateMachine.o
 .text.openRed  0x08002e74       0x20 ./Core/Src/stateMachine.o
 .text.openGreen
                0x08002e94       0x20 ./Core/Src/stateMachine.o
 .text.changeTaskTim2ToInit
                0x08002eb4       0x20 ./Core/Src/stateMachine.o
 .text.changeTaskTim2ToCheck
                0x08002ed4       0x20 ./Core/Src/stateMachine.o
 .text.runInit  0x08002ef4      0x178 ./Core/Src/stateMachine.o
                0x08002ef4                runInit
 .text.checkSelfState
                0x0800306c      0x148 ./Core/Src/stateMachine.o
                0x0800306c                checkSelfState
 .text.faultHandle
                0x080031b4       0x6c ./Core/Src/stateMachine.o
                0x080031b4                faultHandle
 .text.fsmInit  0x08003220       0x24 ./Core/Src/stateMachine.o
                0x08003220                fsmInit
 .text.startFsm
                0x08003244       0xd4 ./Core/Src/stateMachine.o
                0x08003244                startFsm
 .text.HAL_MspInit
                0x08003318       0x48 ./Core/Src/stm32f3xx_hal_msp.o
                0x08003318                HAL_MspInit
 .text.NMI_Handler
                0x08003360        0x8 ./Core/Src/stm32f3xx_it.o
                0x08003360                NMI_Handler
 .text.HardFault_Handler
                0x08003368        0x8 ./Core/Src/stm32f3xx_it.o
                0x08003368                HardFault_Handler
 .text.MemManage_Handler
                0x08003370        0x8 ./Core/Src/stm32f3xx_it.o
                0x08003370                MemManage_Handler
 .text.BusFault_Handler
                0x08003378        0x8 ./Core/Src/stm32f3xx_it.o
                0x08003378                BusFault_Handler
 .text.UsageFault_Handler
                0x08003380        0x8 ./Core/Src/stm32f3xx_it.o
                0x08003380                UsageFault_Handler
 .text.SVC_Handler
                0x08003388        0xe ./Core/Src/stm32f3xx_it.o
                0x08003388                SVC_Handler
 .text.DebugMon_Handler
                0x08003396        0xe ./Core/Src/stm32f3xx_it.o
                0x08003396                DebugMon_Handler
 .text.PendSV_Handler
                0x080033a4        0xe ./Core/Src/stm32f3xx_it.o
                0x080033a4                PendSV_Handler
 .text.SysTick_Handler
                0x080033b2        0xc ./Core/Src/stm32f3xx_it.o
                0x080033b2                SysTick_Handler
 *fill*         0x080033be        0x2 
 .text.DMA1_Channel1_IRQHandler
                0x080033c0       0x14 ./Core/Src/stm32f3xx_it.o
                0x080033c0                DMA1_Channel1_IRQHandler
 .text.TIM1_TRG_COM_TIM17_IRQHandler
                0x080033d4       0x1c ./Core/Src/stm32f3xx_it.o
                0x080033d4                TIM1_TRG_COM_TIM17_IRQHandler
 .text.SystemInit
                0x080033f0       0x24 ./Core/Src/system_stm32f3xx.o
                0x080033f0                SystemInit
 .text.forwardBridge
                0x08003414       0x24 ./Core/Src/task.o
 .text.reverseBridge
                0x08003438       0x24 ./Core/Src/task.o
 .text.startAllInterrupt
                0x0800345c       0x12 ./Core/Src/task.o
 .text.stopAllInterrupt
                0x0800346e       0x12 ./Core/Src/task.o
 .text.openRelay
                0x08003480       0x24 ./Core/Src/task.o
 .text.initTask
                0x080034a4        0xc ./Core/Src/task.o
                0x080034a4                initTask
 .text.checkTask
                0x080034b0        0xc ./Core/Src/task.o
                0x080034b0                checkTask
 .text.ledTask  0x080034bc       0x14 ./Core/Src/task.o
                0x080034bc                ledTask
 .text.loopTask
                0x080034d0      0x130 ./Core/Src/task.o
                0x080034d0                loopTask
 .text.runTask  0x08003600      0x14c ./Core/Src/task.o
                0x08003600                runTask
 .text.MX_TIM1_Init
                0x0800374c       0xa4 ./Core/Src/tim.o
                0x0800374c                MX_TIM1_Init
 .text.MX_TIM2_Init
                0x080037f0       0x9c ./Core/Src/tim.o
                0x080037f0                MX_TIM2_Init
 .text.MX_TIM17_Init
                0x0800388c       0x94 ./Core/Src/tim.o
                0x0800388c                MX_TIM17_Init
 .text.HAL_TIM_Base_MspInit
                0x08003920       0xf0 ./Core/Src/tim.o
                0x08003920                HAL_TIM_Base_MspInit
 .text.HAL_TIM_IC_CaptureCallback
                0x08003a10       0xa4 ./Core/Src/tim.o
                0x08003a10                HAL_TIM_IC_CaptureCallback
 .text.HAL_TIM_PeriodElapsedCallback
                0x08003ab4       0x74 ./Core/Src/tim.o
                0x08003ab4                HAL_TIM_PeriodElapsedCallback
 .text.Reset_Handler
                0x08003b28       0x50 ./Core/Startup/startup_stm32f334c8tx.o
                0x08003b28                Reset_Handler
 .text.Default_Handler
                0x08003b78        0x2 ./Core/Startup/startup_stm32f334c8tx.o
                0x08003b78                RTC_Alarm_IRQHandler
                0x08003b78                HRTIM1_Master_IRQHandler
                0x08003b78                TIM1_CC_IRQHandler
                0x08003b78                HRTIM1_FLT_IRQHandler
                0x08003b78                PVD_IRQHandler
                0x08003b78                HRTIM1_TIMD_IRQHandler
                0x08003b78                TAMP_STAMP_IRQHandler
                0x08003b78                EXTI3_IRQHandler
                0x08003b78                EXTI0_IRQHandler
                0x08003b78                FPU_IRQHandler
                0x08003b78                CAN_TX_IRQHandler
                0x08003b78                TIM1_UP_TIM16_IRQHandler
                0x08003b78                ADC1_2_IRQHandler
                0x08003b78                HRTIM1_TIME_IRQHandler
                0x08003b78                SPI1_IRQHandler
                0x08003b78                CAN_SCE_IRQHandler
                0x08003b78                HRTIM1_TIMC_IRQHandler
                0x08003b78                DMA1_Channel4_IRQHandler
                0x08003b78                USART3_IRQHandler
                0x08003b78                DMA1_Channel7_IRQHandler
                0x08003b78                TIM7_DAC2_IRQHandler
                0x08003b78                CAN_RX1_IRQHandler
                0x08003b78                I2C1_EV_IRQHandler
                0x08003b78                DMA1_Channel6_IRQHandler
                0x08003b78                TIM3_IRQHandler
                0x08003b78                RCC_IRQHandler
                0x08003b78                Default_Handler
                0x08003b78                EXTI15_10_IRQHandler
                0x08003b78                COMP2_IRQHandler
                0x08003b78                HRTIM1_TIMA_IRQHandler
                0x08003b78                TIM6_DAC1_IRQHandler
                0x08003b78                EXTI9_5_IRQHandler
                0x08003b78                RTC_WKUP_IRQHandler
                0x08003b78                DMA1_Channel5_IRQHandler
                0x08003b78                EXTI4_IRQHandler
                0x08003b78                HRTIM1_TIMB_IRQHandler
                0x08003b78                DMA1_Channel3_IRQHandler
                0x08003b78                WWDG_IRQHandler
                0x08003b78                TIM2_IRQHandler
                0x08003b78                EXTI1_IRQHandler
                0x08003b78                COMP4_6_IRQHandler
                0x08003b78                USART2_IRQHandler
                0x08003b78                DMA1_Channel2_IRQHandler
                0x08003b78                FLASH_IRQHandler
                0x08003b78                USART1_IRQHandler
                0x08003b78                CAN_RX0_IRQHandler
                0x08003b78                I2C1_ER_IRQHandler
                0x08003b78                EXTI2_TSC_IRQHandler
                0x08003b78                TIM1_BRK_TIM15_IRQHandler
 *fill*         0x08003b7a        0x2 
 .text.HAL_Init
                0x08003b7c       0x2c ./Drivers/STM32F3xx_HAL_Driver/Src/stm32f3xx_hal.o
                0x08003b7c                HAL_Init
 .text.HAL_InitTick
                0x08003ba8       0x60 ./Drivers/STM32F3xx_HAL_Driver/Src/stm32f3xx_hal.o
                0x08003ba8                HAL_InitTick
 .text.HAL_IncTick
                0x08003c08       0x28 ./Drivers/STM32F3xx_HAL_Driver/Src/stm32f3xx_hal.o
                0x08003c08                HAL_IncTick
 .text.HAL_GetTick
                0x08003c30       0x18 ./Drivers/STM32F3xx_HAL_Driver/Src/stm32f3xx_hal.o
                0x08003c30                HAL_GetTick
 .text.HAL_ADC_ConvCpltCallback
                0x08003c48       0x14 ./Drivers/STM32F3xx_HAL_Driver/Src/stm32f3xx_hal_adc.o
                0x08003c48                HAL_ADC_ConvCpltCallback
 .text.HAL_ADC_ErrorCallback
                0x08003c5c       0x14 ./Drivers/STM32F3xx_HAL_Driver/Src/stm32f3xx_hal_adc.o
                0x08003c5c                HAL_ADC_ErrorCallback
 .text.HAL_ADC_Init
                0x08003c70      0x324 ./Drivers/STM32F3xx_HAL_Driver/Src/stm32f3xx_hal_adc_ex.o
                0x08003c70                HAL_ADC_Init
 .text.HAL_ADC_Start
                0x08003f94      0x16c ./Drivers/STM32F3xx_HAL_Driver/Src/stm32f3xx_hal_adc_ex.o
                0x08003f94                HAL_ADC_Start
 .text.HAL_ADCEx_Calibration_Start
                0x08004100       0xe4 ./Drivers/STM32F3xx_HAL_Driver/Src/stm32f3xx_hal_adc_ex.o
                0x08004100                HAL_ADCEx_Calibration_Start
 .text.HAL_ADCEx_MultiModeStart_DMA
                0x080041e4      0x164 ./Drivers/STM32F3xx_HAL_Driver/Src/stm32f3xx_hal_adc_ex.o
                0x080041e4                HAL_ADCEx_MultiModeStart_DMA
 .text.HAL_ADC_ConfigChannel
                0x08004348      0x57c ./Drivers/STM32F3xx_HAL_Driver/Src/stm32f3xx_hal_adc_ex.o
                0x08004348                HAL_ADC_ConfigChannel
 .text.HAL_ADCEx_MultiModeConfigChannel
                0x080048c4      0x18c ./Drivers/STM32F3xx_HAL_Driver/Src/stm32f3xx_hal_adc_ex.o
                0x080048c4                HAL_ADCEx_MultiModeConfigChannel
 .text.ADC_DMAConvCplt
                0x08004a50       0x7a ./Drivers/STM32F3xx_HAL_Driver/Src/stm32f3xx_hal_adc_ex.o
 .text.ADC_DMAHalfConvCplt
                0x08004aca       0x1c ./Drivers/STM32F3xx_HAL_Driver/Src/stm32f3xx_hal_adc_ex.o
 .text.ADC_DMAError
                0x08004ae6       0x34 ./Drivers/STM32F3xx_HAL_Driver/Src/stm32f3xx_hal_adc_ex.o
 *fill*         0x08004b1a        0x2 
 .text.ADC_Enable
                0x08004b1c       0xc8 ./Drivers/STM32F3xx_HAL_Driver/Src/stm32f3xx_hal_adc_ex.o
 .text.ADC_Disable
                0x08004be4       0xcc ./Drivers/STM32F3xx_HAL_Driver/Src/stm32f3xx_hal_adc_ex.o
 .text.__NVIC_SetPriorityGrouping
                0x08004cb0       0x48 ./Drivers/STM32F3xx_HAL_Driver/Src/stm32f3xx_hal_cortex.o
 .text.__NVIC_GetPriorityGrouping
                0x08004cf8       0x1c ./Drivers/STM32F3xx_HAL_Driver/Src/stm32f3xx_hal_cortex.o
 .text.__NVIC_EnableIRQ
                0x08004d14       0x3c ./Drivers/STM32F3xx_HAL_Driver/Src/stm32f3xx_hal_cortex.o
 .text.__NVIC_SetPriority
                0x08004d50       0x54 ./Drivers/STM32F3xx_HAL_Driver/Src/stm32f3xx_hal_cortex.o
 .text.NVIC_EncodePriority
                0x08004da4       0x66 ./Drivers/STM32F3xx_HAL_Driver/Src/stm32f3xx_hal_cortex.o
 *fill*         0x08004e0a        0x2 
 .text.SysTick_Config
                0x08004e0c       0x44 ./Drivers/STM32F3xx_HAL_Driver/Src/stm32f3xx_hal_cortex.o
 .text.HAL_NVIC_SetPriorityGrouping
                0x08004e50       0x16 ./Drivers/STM32F3xx_HAL_Driver/Src/stm32f3xx_hal_cortex.o
                0x08004e50                HAL_NVIC_SetPriorityGrouping
 .text.HAL_NVIC_SetPriority
                0x08004e66       0x38 ./Drivers/STM32F3xx_HAL_Driver/Src/stm32f3xx_hal_cortex.o
                0x08004e66                HAL_NVIC_SetPriority
 .text.HAL_NVIC_EnableIRQ
                0x08004e9e       0x1c ./Drivers/STM32F3xx_HAL_Driver/Src/stm32f3xx_hal_cortex.o
                0x08004e9e                HAL_NVIC_EnableIRQ
 .text.HAL_SYSTICK_Config
                0x08004eba       0x18 ./Drivers/STM32F3xx_HAL_Driver/Src/stm32f3xx_hal_cortex.o
                0x08004eba                HAL_SYSTICK_Config
 .text.HAL_DMA_Init
                0x08004ed2       0x8e ./Drivers/STM32F3xx_HAL_Driver/Src/stm32f3xx_hal_dma.o
                0x08004ed2                HAL_DMA_Init
 .text.HAL_DMA_Start_IT
                0x08004f60       0xbe ./Drivers/STM32F3xx_HAL_Driver/Src/stm32f3xx_hal_dma.o
                0x08004f60                HAL_DMA_Start_IT
 .text.HAL_DMA_IRQHandler
                0x0800501e      0x146 ./Drivers/STM32F3xx_HAL_Driver/Src/stm32f3xx_hal_dma.o
                0x0800501e                HAL_DMA_IRQHandler
 .text.DMA_SetConfig
                0x08005164       0x5c ./Drivers/STM32F3xx_HAL_Driver/Src/stm32f3xx_hal_dma.o
 .text.DMA_CalcBaseAndBitshift
                0x080051c0       0x40 ./Drivers/STM32F3xx_HAL_Driver/Src/stm32f3xx_hal_dma.o
 .text.HAL_GPIO_Init
                0x08005200      0x2e4 ./Drivers/STM32F3xx_HAL_Driver/Src/stm32f3xx_hal_gpio.o
                0x08005200                HAL_GPIO_Init
 .text.HAL_GPIO_WritePin
                0x080054e4       0x30 ./Drivers/STM32F3xx_HAL_Driver/Src/stm32f3xx_hal_gpio.o
                0x080054e4                HAL_GPIO_WritePin
 .text.HAL_GPIO_TogglePin
                0x08005514       0x34 ./Drivers/STM32F3xx_HAL_Driver/Src/stm32f3xx_hal_gpio.o
                0x08005514                HAL_GPIO_TogglePin
 .text.HAL_HRTIM_Init
                0x08005548      0x198 ./Drivers/STM32F3xx_HAL_Driver/Src/stm32f3xx_hal_hrtim.o
                0x08005548                HAL_HRTIM_Init
 .text.HAL_HRTIM_DLLCalibrationStart
                0x080056e0       0xb0 ./Drivers/STM32F3xx_HAL_Driver/Src/stm32f3xx_hal_hrtim.o
                0x080056e0                HAL_HRTIM_DLLCalibrationStart
 .text.HAL_HRTIM_PollForDLLCalibration
                0x08005790       0x68 ./Drivers/STM32F3xx_HAL_Driver/Src/stm32f3xx_hal_hrtim.o
                0x08005790                HAL_HRTIM_PollForDLLCalibration
 .text.HAL_HRTIM_TimeBaseConfig
                0x080057f8       0x50 ./Drivers/STM32F3xx_HAL_Driver/Src/stm32f3xx_hal_hrtim.o
                0x080057f8                HAL_HRTIM_TimeBaseConfig
 .text.HAL_HRTIM_WaveformTimerConfig
                0x08005848       0xe4 ./Drivers/STM32F3xx_HAL_Driver/Src/stm32f3xx_hal_hrtim.o
                0x08005848                HAL_HRTIM_WaveformTimerConfig
 .text.HAL_HRTIM_WaveformCompareConfig
                0x0800592c      0x2dc ./Drivers/STM32F3xx_HAL_Driver/Src/stm32f3xx_hal_hrtim.o
                0x0800592c                HAL_HRTIM_WaveformCompareConfig
 .text.HAL_HRTIM_WaveformOutputConfig
                0x08005c08       0x62 ./Drivers/STM32F3xx_HAL_Driver/Src/stm32f3xx_hal_hrtim.o
                0x08005c08                HAL_HRTIM_WaveformOutputConfig
 .text.HAL_HRTIM_WaveformOutputStart
                0x08005c6a       0x5a ./Drivers/STM32F3xx_HAL_Driver/Src/stm32f3xx_hal_hrtim.o
                0x08005c6a                HAL_HRTIM_WaveformOutputStart
 .text.HAL_HRTIM_WaveformOutputStop
                0x08005cc4       0x5a ./Drivers/STM32F3xx_HAL_Driver/Src/stm32f3xx_hal_hrtim.o
                0x08005cc4                HAL_HRTIM_WaveformOutputStop
 .text.HAL_HRTIM_WaveformCountStart
                0x08005d1e       0x56 ./Drivers/STM32F3xx_HAL_Driver/Src/stm32f3xx_hal_hrtim.o
                0x08005d1e                HAL_HRTIM_WaveformCountStart
 .text.HAL_HRTIM_WaveformCountStop
                0x08005d74       0x58 ./Drivers/STM32F3xx_HAL_Driver/Src/stm32f3xx_hal_hrtim.o
                0x08005d74                HAL_HRTIM_WaveformCountStop
 .text.HRTIM_MasterBase_Config
                0x08005dcc       0x5e ./Drivers/STM32F3xx_HAL_Driver/Src/stm32f3xx_hal_hrtim.o
 .text.HRTIM_TimingUnitBase_Config
                0x08005e2a       0x80 ./Drivers/STM32F3xx_HAL_Driver/Src/stm32f3xx_hal_hrtim.o
 .text.HRTIM_MasterWaveform_Config
                0x08005eaa       0xcc ./Drivers/STM32F3xx_HAL_Driver/Src/stm32f3xx_hal_hrtim.o
 *fill*         0x08005f76        0x2 
 .text.HRTIM_TimingUnitWaveform_Config
                0x08005f78      0x280 ./Drivers/STM32F3xx_HAL_Driver/Src/stm32f3xx_hal_hrtim.o
 .text.HRTIM_OutputConfig
                0x080061f8      0x1b0 ./Drivers/STM32F3xx_HAL_Driver/Src/stm32f3xx_hal_hrtim.o
 .text.HRTIM_ForceRegistersUpdate
                0x080063a8       0xc4 ./Drivers/STM32F3xx_HAL_Driver/Src/stm32f3xx_hal_hrtim.o
 .text.HAL_I2CEx_EnableFastModePlus
                0x0800646c       0x40 ./Drivers/STM32F3xx_HAL_Driver/Src/stm32f3xx_hal_i2c_ex.o
                0x0800646c                HAL_I2CEx_EnableFastModePlus
 .text.HAL_RCC_OscConfig
                0x080064ac     0x107c ./Drivers/STM32F3xx_HAL_Driver/Src/stm32f3xx_hal_rcc.o
                0x080064ac                HAL_RCC_OscConfig
 .text.HAL_RCC_ClockConfig
                0x08007528      0x2f8 ./Drivers/STM32F3xx_HAL_Driver/Src/stm32f3xx_hal_rcc.o
                0x08007528                HAL_RCC_ClockConfig
 .text.HAL_RCC_GetSysClockFreq
                0x08007820       0xd4 ./Drivers/STM32F3xx_HAL_Driver/Src/stm32f3xx_hal_rcc.o
                0x08007820                HAL_RCC_GetSysClockFreq
 .text.HAL_RCCEx_PeriphCLKConfig
                0x080078f4      0x26c ./Drivers/STM32F3xx_HAL_Driver/Src/stm32f3xx_hal_rcc_ex.o
                0x080078f4                HAL_RCCEx_PeriphCLKConfig
 .text.HAL_TIM_Base_Init
                0x08007b60       0xae ./Drivers/STM32F3xx_HAL_Driver/Src/stm32f3xx_hal_tim.o
                0x08007b60                HAL_TIM_Base_Init
 *fill*         0x08007c0e        0x2 
 .text.HAL_TIM_Base_Start
                0x08007c10       0xa8 ./Drivers/STM32F3xx_HAL_Driver/Src/stm32f3xx_hal_tim.o
                0x08007c10                HAL_TIM_Base_Start
 .text.HAL_TIM_Base_Stop
                0x08007cb8       0x4e ./Drivers/STM32F3xx_HAL_Driver/Src/stm32f3xx_hal_tim.o
                0x08007cb8                HAL_TIM_Base_Stop
 .text.HAL_TIM_IC_Init
                0x08007d06       0xae ./Drivers/STM32F3xx_HAL_Driver/Src/stm32f3xx_hal_tim.o
                0x08007d06                HAL_TIM_IC_Init
 .text.HAL_TIM_IC_MspInit
                0x08007db4       0x14 ./Drivers/STM32F3xx_HAL_Driver/Src/stm32f3xx_hal_tim.o
                0x08007db4                HAL_TIM_IC_MspInit
 .text.HAL_TIM_IC_Start_IT
                0x08007dc8      0x268 ./Drivers/STM32F3xx_HAL_Driver/Src/stm32f3xx_hal_tim.o
                0x08007dc8                HAL_TIM_IC_Start_IT
 .text.HAL_TIM_IRQHandler
                0x08008030      0x23e ./Drivers/STM32F3xx_HAL_Driver/Src/stm32f3xx_hal_tim.o
                0x08008030                HAL_TIM_IRQHandler
 .text.HAL_TIM_IC_ConfigChannel
                0x0800826e      0x138 ./Drivers/STM32F3xx_HAL_Driver/Src/stm32f3xx_hal_tim.o
                0x0800826e                HAL_TIM_IC_ConfigChannel
 .text.HAL_TIM_ConfigClockSource
                0x080083a6      0x192 ./Drivers/STM32F3xx_HAL_Driver/Src/stm32f3xx_hal_tim.o
                0x080083a6                HAL_TIM_ConfigClockSource
 .text.HAL_TIM_ReadCapturedValue
                0x08008538       0x88 ./Drivers/STM32F3xx_HAL_Driver/Src/stm32f3xx_hal_tim.o
                0x08008538                HAL_TIM_ReadCapturedValue
 .text.HAL_TIM_OC_DelayElapsedCallback
                0x080085c0       0x14 ./Drivers/STM32F3xx_HAL_Driver/Src/stm32f3xx_hal_tim.o
                0x080085c0                HAL_TIM_OC_DelayElapsedCallback
 .text.HAL_TIM_PWM_PulseFinishedCallback
                0x080085d4       0x14 ./Drivers/STM32F3xx_HAL_Driver/Src/stm32f3xx_hal_tim.o
                0x080085d4                HAL_TIM_PWM_PulseFinishedCallback
 .text.HAL_TIM_TriggerCallback
                0x080085e8       0x14 ./Drivers/STM32F3xx_HAL_Driver/Src/stm32f3xx_hal_tim.o
                0x080085e8                HAL_TIM_TriggerCallback
 .text.TIM_Base_SetConfig
                0x080085fc       0xf0 ./Drivers/STM32F3xx_HAL_Driver/Src/stm32f3xx_hal_tim.o
                0x080085fc                TIM_Base_SetConfig
 .text.TIM_TI1_SetConfig
                0x080086ec       0xb8 ./Drivers/STM32F3xx_HAL_Driver/Src/stm32f3xx_hal_tim.o
                0x080086ec                TIM_TI1_SetConfig
 .text.TIM_TI1_ConfigInputStage
                0x080087a4       0x5e ./Drivers/STM32F3xx_HAL_Driver/Src/stm32f3xx_hal_tim.o
 .text.TIM_TI2_SetConfig
                0x08008802       0x7a ./Drivers/STM32F3xx_HAL_Driver/Src/stm32f3xx_hal_tim.o
 .text.TIM_TI2_ConfigInputStage
                0x0800887c       0x60 ./Drivers/STM32F3xx_HAL_Driver/Src/stm32f3xx_hal_tim.o
 .text.TIM_TI3_SetConfig
                0x080088dc       0x78 ./Drivers/STM32F3xx_HAL_Driver/Src/stm32f3xx_hal_tim.o
 .text.TIM_TI4_SetConfig
                0x08008954       0x7a ./Drivers/STM32F3xx_HAL_Driver/Src/stm32f3xx_hal_tim.o
 .text.TIM_ITRx_SetConfig
                0x080089ce       0x36 ./Drivers/STM32F3xx_HAL_Driver/Src/stm32f3xx_hal_tim.o
 .text.TIM_ETR_SetConfig
                0x08008a04       0x40 ./Drivers/STM32F3xx_HAL_Driver/Src/stm32f3xx_hal_tim.o
                0x08008a04                TIM_ETR_SetConfig
 .text.TIM_CCxChannelCmd
                0x08008a44       0x4a ./Drivers/STM32F3xx_HAL_Driver/Src/stm32f3xx_hal_tim.o
                0x08008a44                TIM_CCxChannelCmd
 *fill*         0x08008a8e        0x2 
 .text.HAL_TIMEx_MasterConfigSynchronization
                0x08008a90       0xdc ./Drivers/STM32F3xx_HAL_Driver/Src/stm32f3xx_hal_tim_ex.o
                0x08008a90                HAL_TIMEx_MasterConfigSynchronization
 .text.HAL_TIMEx_CommutCallback
                0x08008b6c       0x14 ./Drivers/STM32F3xx_HAL_Driver/Src/stm32f3xx_hal_tim_ex.o
                0x08008b6c                HAL_TIMEx_CommutCallback
 .text.HAL_TIMEx_BreakCallback
                0x08008b80       0x14 ./Drivers/STM32F3xx_HAL_Driver/Src/stm32f3xx_hal_tim_ex.o
                0x08008b80                HAL_TIMEx_BreakCallback
 .text.HAL_TIMEx_Break2Callback
                0x08008b94       0x14 ./Drivers/STM32F3xx_HAL_Driver/Src/stm32f3xx_hal_tim_ex.o
                0x08008b94                HAL_TIMEx_Break2Callback
 .text.arm_abs_f32
                0x08008ba8       0x88 ../Middlewares/ST/ARM/DSP/Lib\libarm_cortexM4lf_math.a(arm_abs_f32.o)
                0x08008ba8                arm_abs_f32
 .text.memset   0x08008c30       0x10 D:/STM32CubeIDE_1.15.0/STM32CubeIDE/plugins/com.st.stm32cube.ide.mcu.externaltools.gnu-tools-for-stm32.12.3.rel1.win32_1.0.100.202403111256/tools/bin/../lib/gcc/arm-none-eabi/12.3.1/../../../../arm-none-eabi/lib/thumb/v7e-m+fp/hard\libc_nano.a(libc_a-memset.o)
                0x08008c30                memset
 .text.__errno  0x08008c40        0xc D:/STM32CubeIDE_1.15.0/STM32CubeIDE/plugins/com.st.stm32cube.ide.mcu.externaltools.gnu-tools-for-stm32.12.3.rel1.win32_1.0.100.202403111256/tools/bin/../lib/gcc/arm-none-eabi/12.3.1/../../../../arm-none-eabi/lib/thumb/v7e-m+fp/hard\libc_nano.a(libc_a-errno.o)
                0x08008c40                __errno
 .text.__libc_init_array
                0x08008c4c       0x48 D:/STM32CubeIDE_1.15.0/STM32CubeIDE/plugins/com.st.stm32cube.ide.mcu.externaltools.gnu-tools-for-stm32.12.3.rel1.win32_1.0.100.202403111256/tools/bin/../lib/gcc/arm-none-eabi/12.3.1/../../../../arm-none-eabi/lib/thumb/v7e-m+fp/hard\libc_nano.a(libc_a-init.o)
                0x08008c4c                __libc_init_array
 .text.sqrtf    0x08008c94       0x3c D:/STM32CubeIDE_1.15.0/STM32CubeIDE/plugins/com.st.stm32cube.ide.mcu.externaltools.gnu-tools-for-stm32.12.3.rel1.win32_1.0.100.202403111256/tools/bin/../lib/gcc/arm-none-eabi/12.3.1/../../../../arm-none-eabi/lib/thumb/v7e-m+fp/hard\libm.a(libm_a-wf_sqrt.o)
                0x08008c94                sqrtf
 .text.cosf     0x08008cd0       0x88 D:/STM32CubeIDE_1.15.0/STM32CubeIDE/plugins/com.st.stm32cube.ide.mcu.externaltools.gnu-tools-for-stm32.12.3.rel1.win32_1.0.100.202403111256/tools/bin/../lib/gcc/arm-none-eabi/12.3.1/../../../../arm-none-eabi/lib/thumb/v7e-m+fp/hard\libm.a(libm_a-sf_cos.o)
                0x08008cd0                cosf
 .text.sinf     0x08008d58       0x8c D:/STM32CubeIDE_1.15.0/STM32CubeIDE/plugins/com.st.stm32cube.ide.mcu.externaltools.gnu-tools-for-stm32.12.3.rel1.win32_1.0.100.202403111256/tools/bin/../lib/gcc/arm-none-eabi/12.3.1/../../../../arm-none-eabi/lib/thumb/v7e-m+fp/hard\libm.a(libm_a-sf_sin.o)
                0x08008d58                sinf
 .text.__ieee754_sqrtf
                0x08008de4        0x6 D:/STM32CubeIDE_1.15.0/STM32CubeIDE/plugins/com.st.stm32cube.ide.mcu.externaltools.gnu-tools-for-stm32.12.3.rel1.win32_1.0.100.202403111256/tools/bin/../lib/gcc/arm-none-eabi/12.3.1/../../../../arm-none-eabi/lib/thumb/v7e-m+fp/hard\libm.a(libm_a-ef_sqrt.o)
                0x08008de4                __ieee754_sqrtf
 *fill*         0x08008dea        0x2 
 .text.__kernel_cosf
                0x08008dec       0xb0 D:/STM32CubeIDE_1.15.0/STM32CubeIDE/plugins/com.st.stm32cube.ide.mcu.externaltools.gnu-tools-for-stm32.12.3.rel1.win32_1.0.100.202403111256/tools/bin/../lib/gcc/arm-none-eabi/12.3.1/../../../../arm-none-eabi/lib/thumb/v7e-m+fp/hard\libm.a(libm_a-kf_cos.o)
                0x08008dec                __kernel_cosf
 .text.__kernel_sinf
                0x08008e9c       0x90 D:/STM32CubeIDE_1.15.0/STM32CubeIDE/plugins/com.st.stm32cube.ide.mcu.externaltools.gnu-tools-for-stm32.12.3.rel1.win32_1.0.100.202403111256/tools/bin/../lib/gcc/arm-none-eabi/12.3.1/../../../../arm-none-eabi/lib/thumb/v7e-m+fp/hard\libm.a(libm_a-kf_sin.o)
                0x08008e9c                __kernel_sinf
 .text.__ieee754_rem_pio2f
                0x08008f2c      0x260 D:/STM32CubeIDE_1.15.0/STM32CubeIDE/plugins/com.st.stm32cube.ide.mcu.externaltools.gnu-tools-for-stm32.12.3.rel1.win32_1.0.100.202403111256/tools/bin/../lib/gcc/arm-none-eabi/12.3.1/../../../../arm-none-eabi/lib/thumb/v7e-m+fp/hard\libm.a(libm_a-ef_rem_pio2.o)
                0x08008f2c                __ieee754_rem_pio2f
 .text.fabsf    0x0800918c        0xe D:/STM32CubeIDE_1.15.0/STM32CubeIDE/plugins/com.st.stm32cube.ide.mcu.externaltools.gnu-tools-for-stm32.12.3.rel1.win32_1.0.100.202403111256/tools/bin/../lib/gcc/arm-none-eabi/12.3.1/../../../../arm-none-eabi/lib/thumb/v7e-m+fp/hard\libm.a(libm_a-sf_fabs.o)
                0x0800918c                fabsf
 *fill*         0x0800919a        0x2 
 .text.__kernel_rem_pio2f
                0x0800919c      0x4e4 D:/STM32CubeIDE_1.15.0/STM32CubeIDE/plugins/com.st.stm32cube.ide.mcu.externaltools.gnu-tools-for-stm32.12.3.rel1.win32_1.0.100.202403111256/tools/bin/../lib/gcc/arm-none-eabi/12.3.1/../../../../arm-none-eabi/lib/thumb/v7e-m+fp/hard\libm.a(libm_a-kf_rem_pio2.o)
                0x0800919c                __kernel_rem_pio2f
 .text.scalbnf  0x08009680       0xcc D:/STM32CubeIDE_1.15.0/STM32CubeIDE/plugins/com.st.stm32cube.ide.mcu.externaltools.gnu-tools-for-stm32.12.3.rel1.win32_1.0.100.202403111256/tools/bin/../lib/gcc/arm-none-eabi/12.3.1/../../../../arm-none-eabi/lib/thumb/v7e-m+fp/hard\libm.a(libm_a-sf_scalbn.o)
                0x08009680                scalbnf
 .text.floorf   0x0800974c       0x88 D:/STM32CubeIDE_1.15.0/STM32CubeIDE/plugins/com.st.stm32cube.ide.mcu.externaltools.gnu-tools-for-stm32.12.3.rel1.win32_1.0.100.202403111256/tools/bin/../lib/gcc/arm-none-eabi/12.3.1/../../../../arm-none-eabi/lib/thumb/v7e-m+fp/hard\libm.a(libm_a-sf_floor.o)
                0x0800974c                floorf
 *(.glue_7)
 .glue_7        0x080097d4        0x0 linker stubs
 *(.glue_7t)
 .glue_7t       0x080097d4        0x0 linker stubs
 *(.eh_frame)
 .eh_frame      0x080097d4        0x0 D:/STM32CubeIDE_1.15.0/STM32CubeIDE/plugins/com.st.stm32cube.ide.mcu.externaltools.gnu-tools-for-stm32.12.3.rel1.win32_1.0.100.202403111256/tools/bin/../lib/gcc/arm-none-eabi/12.3.1/thumb/v7e-m+fp/hard/crtbegin.o
 *(.init)
 .init          0x080097d4        0x4 D:/STM32CubeIDE_1.15.0/STM32CubeIDE/plugins/com.st.stm32cube.ide.mcu.externaltools.gnu-tools-for-stm32.12.3.rel1.win32_1.0.100.202403111256/tools/bin/../lib/gcc/arm-none-eabi/12.3.1/thumb/v7e-m+fp/hard/crti.o
                0x080097d4                _init
 .init          0x080097d8        0x8 D:/STM32CubeIDE_1.15.0/STM32CubeIDE/plugins/com.st.stm32cube.ide.mcu.externaltools.gnu-tools-for-stm32.12.3.rel1.win32_1.0.100.202403111256/tools/bin/../lib/gcc/arm-none-eabi/12.3.1/thumb/v7e-m+fp/hard/crtn.o
 *(.fini)
 .fini          0x080097e0        0x4 D:/STM32CubeIDE_1.15.0/STM32CubeIDE/plugins/com.st.stm32cube.ide.mcu.externaltools.gnu-tools-for-stm32.12.3.rel1.win32_1.0.100.202403111256/tools/bin/../lib/gcc/arm-none-eabi/12.3.1/thumb/v7e-m+fp/hard/crti.o
                0x080097e0                _fini
 .fini          0x080097e4        0x8 D:/STM32CubeIDE_1.15.0/STM32CubeIDE/plugins/com.st.stm32cube.ide.mcu.externaltools.gnu-tools-for-stm32.12.3.rel1.win32_1.0.100.202403111256/tools/bin/../lib/gcc/arm-none-eabi/12.3.1/thumb/v7e-m+fp/hard/crtn.o
                0x080097ec                        . = ALIGN (0x4)
                0x080097ec                        _etext = .

.vfp11_veneer   0x080097ec        0x0
 .vfp11_veneer  0x080097ec        0x0 linker stubs

.v4_bx          0x080097ec        0x0
 .v4_bx         0x080097ec        0x0 linker stubs

.iplt           0x080097ec        0x0
 .iplt          0x080097ec        0x0 D:/STM32CubeIDE_1.15.0/STM32CubeIDE/plugins/com.st.stm32cube.ide.mcu.externaltools.gnu-tools-for-stm32.12.3.rel1.win32_1.0.100.202403111256/tools/bin/../lib/gcc/arm-none-eabi/12.3.1/thumb/v7e-m+fp/hard/crtbegin.o

.rodata         0x080097ec      0x400
                0x080097ec                        . = ALIGN (0x4)
 *(.rodata)
 *(.rodata*)
 .rodata.AHBPrescTable
                0x080097ec       0x10 ./Core/Src/system_stm32f3xx.o
                0x080097ec                AHBPrescTable
 .rodata.aPLLMULFactorTable
                0x080097fc       0x10 ./Drivers/STM32F3xx_HAL_Driver/Src/stm32f3xx_hal_rcc.o
 .rodata.aPredivFactorTable
                0x0800980c       0x10 ./Drivers/STM32F3xx_HAL_Driver/Src/stm32f3xx_hal_rcc.o
 .rodata.npio2_hw
                0x0800981c       0x80 D:/STM32CubeIDE_1.15.0/STM32CubeIDE/plugins/com.st.stm32cube.ide.mcu.externaltools.gnu-tools-for-stm32.12.3.rel1.win32_1.0.100.202403111256/tools/bin/../lib/gcc/arm-none-eabi/12.3.1/../../../../arm-none-eabi/lib/thumb/v7e-m+fp/hard\libm.a(libm_a-ef_rem_pio2.o)
 .rodata.two_over_pi
                0x0800989c      0x318 D:/STM32CubeIDE_1.15.0/STM32CubeIDE/plugins/com.st.stm32cube.ide.mcu.externaltools.gnu-tools-for-stm32.12.3.rel1.win32_1.0.100.202403111256/tools/bin/../lib/gcc/arm-none-eabi/12.3.1/../../../../arm-none-eabi/lib/thumb/v7e-m+fp/hard\libm.a(libm_a-ef_rem_pio2.o)
 .rodata.PIo2   0x08009bb4       0x2c D:/STM32CubeIDE_1.15.0/STM32CubeIDE/plugins/com.st.stm32cube.ide.mcu.externaltools.gnu-tools-for-stm32.12.3.rel1.win32_1.0.100.202403111256/tools/bin/../lib/gcc/arm-none-eabi/12.3.1/../../../../arm-none-eabi/lib/thumb/v7e-m+fp/hard\libm.a(libm_a-kf_rem_pio2.o)
 .rodata.init_jk
                0x08009be0        0xc D:/STM32CubeIDE_1.15.0/STM32CubeIDE/plugins/com.st.stm32cube.ide.mcu.externaltools.gnu-tools-for-stm32.12.3.rel1.win32_1.0.100.202403111256/tools/bin/../lib/gcc/arm-none-eabi/12.3.1/../../../../arm-none-eabi/lib/thumb/v7e-m+fp/hard\libm.a(libm_a-kf_rem_pio2.o)
                0x08009bec                        . = ALIGN (0x4)

.rel.dyn        0x08009bec        0x0
 .rel.iplt      0x08009bec        0x0 D:/STM32CubeIDE_1.15.0/STM32CubeIDE/plugins/com.st.stm32cube.ide.mcu.externaltools.gnu-tools-for-stm32.12.3.rel1.win32_1.0.100.202403111256/tools/bin/../lib/gcc/arm-none-eabi/12.3.1/thumb/v7e-m+fp/hard/crtbegin.o

.ARM.extab      0x08009bec        0x0
                0x08009bec                        . = ALIGN (0x4)
 *(.ARM.extab* .gnu.linkonce.armextab.*)
                0x08009bec                        . = ALIGN (0x4)

.ARM            0x08009bec        0x0
                0x08009bec                        . = ALIGN (0x4)
                0x08009bec                        __exidx_start = .
 *(.ARM.exidx*)
                0x08009bec                        __exidx_end = .
                0x08009bec                        . = ALIGN (0x4)

.preinit_array  0x08009bec        0x0
                0x08009bec                        . = ALIGN (0x4)
                0x08009bec                        PROVIDE (__preinit_array_start = .)
 *(.preinit_array*)
                0x08009bec                        PROVIDE (__preinit_array_end = .)
                0x08009bec                        . = ALIGN (0x4)

.init_array     0x08009bec        0x4
                0x08009bec                        . = ALIGN (0x4)
                0x08009bec                        PROVIDE (__init_array_start = .)
 *(SORT_BY_NAME(.init_array.*))
 *(.init_array*)
 .init_array    0x08009bec        0x4 D:/STM32CubeIDE_1.15.0/STM32CubeIDE/plugins/com.st.stm32cube.ide.mcu.externaltools.gnu-tools-for-stm32.12.3.rel1.win32_1.0.100.202403111256/tools/bin/../lib/gcc/arm-none-eabi/12.3.1/thumb/v7e-m+fp/hard/crtbegin.o
                0x08009bf0                        PROVIDE (__init_array_end = .)
                0x08009bf0                        . = ALIGN (0x4)

.fini_array     0x08009bf0        0x4
                0x08009bf0                        . = ALIGN (0x4)
                [!provide]                        PROVIDE (__fini_array_start = .)
 *(SORT_BY_NAME(.fini_array.*))
 *(.fini_array*)
 .fini_array    0x08009bf0        0x4 D:/STM32CubeIDE_1.15.0/STM32CubeIDE/plugins/com.st.stm32cube.ide.mcu.externaltools.gnu-tools-for-stm32.12.3.rel1.win32_1.0.100.202403111256/tools/bin/../lib/gcc/arm-none-eabi/12.3.1/thumb/v7e-m+fp/hard/crtbegin.o
                [!provide]                        PROVIDE (__fini_array_end = .)
                0x08009bf4                        . = ALIGN (0x4)
                0x08009bf4                        _sidata = LOADADDR (.data)

.data           0x20000000       0xbc load address 0x08009bf4
                0x20000000                        . = ALIGN (0x4)
                0x20000000                        _sdata = .
 *(.data)
 *(.data*)
 .data.SystemCoreClock
                0x20000000        0x4 ./Core/Src/system_stm32f3xx.o
                0x20000000                SystemCoreClock
 .data.runInitTaskObject
                0x20000004       0x10 ./Core/Src/task.o
                0x20000004                runInitTaskObject
 .data.checkTaskObject
                0x20000014       0x10 ./Core/Src/task.o
                0x20000014                checkTaskObject
 .data.taskListTim2
                0x20000024       0x20 ./Core/Src/task.o
                0x20000024                taskListTim2
 .data.taskListTim1
                0x20000044       0x20 ./Core/Src/task.o
                0x20000044                taskListTim1
 .data.uwTickPrio
                0x20000064        0x4 ./Drivers/STM32F3xx_HAL_Driver/Src/stm32f3xx_hal.o
                0x20000064                uwTickPrio
 .data.uwTickFreq
                0x20000068        0x1 ./Drivers/STM32F3xx_HAL_Driver/Src/stm32f3xx_hal.o
                0x20000068                uwTickFreq
 *fill*         0x20000069        0x3 
 .data._impure_ptr
                0x2000006c        0x4 D:/STM32CubeIDE_1.15.0/STM32CubeIDE/plugins/com.st.stm32cube.ide.mcu.externaltools.gnu-tools-for-stm32.12.3.rel1.win32_1.0.100.202403111256/tools/bin/../lib/gcc/arm-none-eabi/12.3.1/../../../../arm-none-eabi/lib/thumb/v7e-m+fp/hard\libc_nano.a(libc_a-impure.o)
                0x2000006c                _impure_ptr
 .data._impure_data
                0x20000070       0x4c D:/STM32CubeIDE_1.15.0/STM32CubeIDE/plugins/com.st.stm32cube.ide.mcu.externaltools.gnu-tools-for-stm32.12.3.rel1.win32_1.0.100.202403111256/tools/bin/../lib/gcc/arm-none-eabi/12.3.1/../../../../arm-none-eabi/lib/thumb/v7e-m+fp/hard\libc_nano.a(libc_a-impure.o)
                0x20000070                _impure_data
 *(.RamFunc)
 *(.RamFunc*)
                0x200000bc                        . = ALIGN (0x4)
                0x200000bc                        _edata = .
                0x08009cb0                        _siccmram = LOADADDR (.ccmram)

.igot.plt       0x200000bc        0x0 load address 0x08009cb0
 .igot.plt      0x200000bc        0x0 D:/STM32CubeIDE_1.15.0/STM32CubeIDE/plugins/com.st.stm32cube.ide.mcu.externaltools.gnu-tools-for-stm32.12.3.rel1.win32_1.0.100.202403111256/tools/bin/../lib/gcc/arm-none-eabi/12.3.1/thumb/v7e-m+fp/hard/crtbegin.o

.ccmram         0x10000000        0x0 load address 0x08009cb0
                0x10000000                        . = ALIGN (0x4)
                0x10000000                        _sccmram = .
 *(.ccmram)
 *(.ccmram*)
                0x10000000                        . = ALIGN (0x4)
                0x10000000                        _eccmram = .
                0x10000000                        . = ALIGN (0x4)

.bss            0x200000bc      0x688
                0x200000bc                        _sbss = .
                0x200000bc                        __bss_start__ = _sbss
 *(.bss)
 .bss           0x200000bc       0x1c D:/STM32CubeIDE_1.15.0/STM32CubeIDE/plugins/com.st.stm32cube.ide.mcu.externaltools.gnu-tools-for-stm32.12.3.rel1.win32_1.0.100.202403111256/tools/bin/../lib/gcc/arm-none-eabi/12.3.1/thumb/v7e-m+fp/hard/crtbegin.o
 *(.bss*)
 .bss.mainDCL   0x200000d8       0x3c ./Core/Src/DCL.o
                0x200000d8                mainDCL
 .bss.mpptPid   0x20000114       0x1c ./Core/Src/PID.o
                0x20000114                mpptPid
 .bss.firstPr   0x20000130       0x44 ./Core/Src/PR.o
                0x20000130                firstPr
 .bss.hadc1     0x20000174       0x50 ./Core/Src/adc.o
                0x20000174                hadc1
 .bss.hadc2     0x200001c4       0x50 ./Core/Src/adc.o
                0x200001c4                hadc2
 .bss.hdma_adc1
                0x20000214       0x44 ./Core/Src/adc.o
                0x20000214                hdma_adc1
 .bss.HAL_RCC_ADC12_CLK_ENABLED
                0x20000258        0x4 ./Core/Src/adc.o
 .bss.systemValue
                0x2000025c       0x2c ./Core/Src/config.o
                0x2000025c                systemValue
 .bss.control   0x20000288        0xe ./Core/Src/config.o
                0x20000288                control
 *fill*         0x20000296        0x2 
 .bss.fault     0x20000298        0xb ./Core/Src/config.o
                0x20000298                fault
 *fill*         0x200002a3        0x1 
 .bss.adcValueBuffer
                0x200002a4       0x10 ./Core/Src/config.o
                0x200002a4                adcValueBuffer
 .bss.hhrtim1   0x200002b4       0xdc ./Core/Src/hrtim.o
                0x200002b4                hhrtim1
 .bss.lowPass100Hz
                0x20000390       0x1c ./Core/Src/lowPassFilter.o
                0x20000390                lowPass100Hz
 .bss.lowPass1Hz
                0x200003ac       0x1c ./Core/Src/lowPassFilter.o
                0x200003ac                lowPass1Hz
 .bss.lowPass100HzCofficient
                0x200003c8        0x4 ./Core/Src/lowPassFilter.o
                0x200003c8                lowPass100HzCofficient
 .bss.lowPass1HzCofficient
                0x200003cc        0x4 ./Core/Src/lowPassFilter.o
                0x200003cc                lowPass1HzCofficient
 .bss.mpptMain  0x200003d0       0x2c ./Core/Src/mppt.o
                0x200003d0                mpptMain
 .bss.adcSampleValue
                0x200003fc       0x78 ./Core/Src/sample.o
                0x200003fc                adcSampleValue
 .bss.rmsCalcValue
                0x20000474       0x1c ./Core/Src/sample.o
                0x20000474                rmsCalcValue
 .bss.gridPll   0x20000490       0x88 ./Core/Src/sogiPll.o
                0x20000490                gridPll
 .bss.stFsm     0x20000518        0x2 ./Core/Src/stateMachine.o
                0x20000518                stFsm
 .bss.i.1       0x2000051a        0x1 ./Core/Src/task.o
 .bss.j.0       0x2000051b        0x1 ./Core/Src/task.o
 .bss.captureState
                0x2000051c        0x1 ./Core/Src/tim.o
                0x2000051c                captureState
 *fill*         0x2000051d        0x1 
 .bss.captureValue
                0x2000051e        0x2 ./Core/Src/tim.o
                0x2000051e                captureValue
 .bss.escapeNum
                0x20000520        0x2 ./Core/Src/tim.o
                0x20000520                escapeNum
 *fill*         0x20000522        0x2 
 .bss.htim1     0x20000524       0x4c ./Core/Src/tim.o
                0x20000524                htim1
 .bss.htim2     0x20000570       0x4c ./Core/Src/tim.o
                0x20000570                htim2
 .bss.htim17    0x200005bc       0x4c ./Core/Src/tim.o
                0x200005bc                htim17
 .bss.uwTick    0x20000608        0x4 ./Drivers/STM32F3xx_HAL_Driver/Src/stm32f3xx_hal.o
                0x20000608                uwTick
 .bss.__sf      0x2000060c      0x138 D:/STM32CubeIDE_1.15.0/STM32CubeIDE/plugins/com.st.stm32cube.ide.mcu.externaltools.gnu-tools-for-stm32.12.3.rel1.win32_1.0.100.202403111256/tools/bin/../lib/gcc/arm-none-eabi/12.3.1/../../../../arm-none-eabi/lib/thumb/v7e-m+fp/hard\libc_nano.a(libc_a-findfp.o)
                0x2000060c                __sf
 *(COMMON)
                0x20000744                        . = ALIGN (0x4)
                0x20000744                        _ebss = .
                0x20000744                        __bss_end__ = _ebss

._user_heap_stack
                0x20000744      0x604
                0x20000748                        . = ALIGN (0x8)
 *fill*         0x20000744        0x4 
                [!provide]                        PROVIDE (end = .)
                0x20000748                        PROVIDE (_end = .)
                0x20000948                        . = (. + _Min_Heap_Size)
 *fill*         0x20000748      0x200 
                0x20000d48                        . = (. + _Min_Stack_Size)
 *fill*         0x20000948      0x400 
                0x20000d48                        . = ALIGN (0x8)

/DISCARD/
 libc.a(*)
 libm.a(*)
 libgcc.a(*)

.ARM.attributes
                0x00000000       0x30
 *(.ARM.attributes)
 .ARM.attributes
                0x00000000       0x22 D:/STM32CubeIDE_1.15.0/STM32CubeIDE/plugins/com.st.stm32cube.ide.mcu.externaltools.gnu-tools-for-stm32.12.3.rel1.win32_1.0.100.202403111256/tools/bin/../lib/gcc/arm-none-eabi/12.3.1/thumb/v7e-m+fp/hard/crti.o
 .ARM.attributes
                0x00000022       0x34 D:/STM32CubeIDE_1.15.0/STM32CubeIDE/plugins/com.st.stm32cube.ide.mcu.externaltools.gnu-tools-for-stm32.12.3.rel1.win32_1.0.100.202403111256/tools/bin/../lib/gcc/arm-none-eabi/12.3.1/thumb/v7e-m+fp/hard/crtbegin.o
 .ARM.attributes
                0x00000056       0x34 ./Core/Src/DCL.o
 .ARM.attributes
                0x0000008a       0x34 ./Core/Src/PID.o
 .ARM.attributes
                0x000000be       0x34 ./Core/Src/PR.o
 .ARM.attributes
                0x000000f2       0x34 ./Core/Src/adc.o
 .ARM.attributes
                0x00000126       0x34 ./Core/Src/config.o
 .ARM.attributes
                0x0000015a       0x34 ./Core/Src/dma.o
 .ARM.attributes
                0x0000018e       0x34 ./Core/Src/gpio.o
 .ARM.attributes
                0x000001c2       0x34 ./Core/Src/hrtim.o
 .ARM.attributes
                0x000001f6       0x34 ./Core/Src/lowPassFilter.o
 .ARM.attributes
                0x0000022a       0x34 ./Core/Src/main.o
 .ARM.attributes
                0x0000025e       0x34 ./Core/Src/mppt.o
 .ARM.attributes
                0x00000292       0x34 ./Core/Src/sample.o
 .ARM.attributes
                0x000002c6       0x34 ./Core/Src/sogiPll.o
 .ARM.attributes
                0x000002fa       0x34 ./Core/Src/stateMachine.o
 .ARM.attributes
                0x0000032e       0x34 ./Core/Src/stm32f3xx_hal_msp.o
 .ARM.attributes
                0x00000362       0x34 ./Core/Src/stm32f3xx_it.o
 .ARM.attributes
                0x00000396       0x34 ./Core/Src/system_stm32f3xx.o
 .ARM.attributes
                0x000003ca       0x34 ./Core/Src/task.o
 .ARM.attributes
                0x000003fe       0x34 ./Core/Src/tim.o
 .ARM.attributes
                0x00000432       0x21 ./Core/Startup/startup_stm32f334c8tx.o
 .ARM.attributes
                0x00000453       0x34 ./Drivers/STM32F3xx_HAL_Driver/Src/stm32f3xx_hal.o
 .ARM.attributes
                0x00000487       0x34 ./Drivers/STM32F3xx_HAL_Driver/Src/stm32f3xx_hal_adc.o
 .ARM.attributes
                0x000004bb       0x34 ./Drivers/STM32F3xx_HAL_Driver/Src/stm32f3xx_hal_adc_ex.o
 .ARM.attributes
                0x000004ef       0x34 ./Drivers/STM32F3xx_HAL_Driver/Src/stm32f3xx_hal_cortex.o
 .ARM.attributes
                0x00000523       0x34 ./Drivers/STM32F3xx_HAL_Driver/Src/stm32f3xx_hal_dma.o
 .ARM.attributes
                0x00000557       0x34 ./Drivers/STM32F3xx_HAL_Driver/Src/stm32f3xx_hal_gpio.o
 .ARM.attributes
                0x0000058b       0x34 ./Drivers/STM32F3xx_HAL_Driver/Src/stm32f3xx_hal_hrtim.o
 .ARM.attributes
                0x000005bf       0x34 ./Drivers/STM32F3xx_HAL_Driver/Src/stm32f3xx_hal_i2c_ex.o
 .ARM.attributes
                0x000005f3       0x34 ./Drivers/STM32F3xx_HAL_Driver/Src/stm32f3xx_hal_rcc.o
 .ARM.attributes
                0x00000627       0x34 ./Drivers/STM32F3xx_HAL_Driver/Src/stm32f3xx_hal_rcc_ex.o
 .ARM.attributes
                0x0000065b       0x34 ./Drivers/STM32F3xx_HAL_Driver/Src/stm32f3xx_hal_tim.o
 .ARM.attributes
                0x0000068f       0x34 ./Drivers/STM32F3xx_HAL_Driver/Src/stm32f3xx_hal_tim_ex.o
 .ARM.attributes
                0x000006c3       0x34 ../Middlewares/ST/ARM/DSP/Lib\libarm_cortexM4lf_math.a(arm_abs_f32.o)
 .ARM.attributes
                0x000006f7       0x34 D:/STM32CubeIDE_1.15.0/STM32CubeIDE/plugins/com.st.stm32cube.ide.mcu.externaltools.gnu-tools-for-stm32.12.3.rel1.win32_1.0.100.202403111256/tools/bin/../lib/gcc/arm-none-eabi/12.3.1/../../../../arm-none-eabi/lib/thumb/v7e-m+fp/hard\libc_nano.a(libc_a-findfp.o)
 .ARM.attributes
                0x0000072b       0x34 D:/STM32CubeIDE_1.15.0/STM32CubeIDE/plugins/com.st.stm32cube.ide.mcu.externaltools.gnu-tools-for-stm32.12.3.rel1.win32_1.0.100.202403111256/tools/bin/../lib/gcc/arm-none-eabi/12.3.1/../../../../arm-none-eabi/lib/thumb/v7e-m+fp/hard\libc_nano.a(libc_a-memset.o)
 .ARM.attributes
                0x0000075f       0x34 D:/STM32CubeIDE_1.15.0/STM32CubeIDE/plugins/com.st.stm32cube.ide.mcu.externaltools.gnu-tools-for-stm32.12.3.rel1.win32_1.0.100.202403111256/tools/bin/../lib/gcc/arm-none-eabi/12.3.1/../../../../arm-none-eabi/lib/thumb/v7e-m+fp/hard\libc_nano.a(libc_a-impure.o)
 .ARM.attributes
                0x00000793       0x34 D:/STM32CubeIDE_1.15.0/STM32CubeIDE/plugins/com.st.stm32cube.ide.mcu.externaltools.gnu-tools-for-stm32.12.3.rel1.win32_1.0.100.202403111256/tools/bin/../lib/gcc/arm-none-eabi/12.3.1/../../../../arm-none-eabi/lib/thumb/v7e-m+fp/hard\libc_nano.a(libc_a-errno.o)
 .ARM.attributes
                0x000007c7       0x34 D:/STM32CubeIDE_1.15.0/STM32CubeIDE/plugins/com.st.stm32cube.ide.mcu.externaltools.gnu-tools-for-stm32.12.3.rel1.win32_1.0.100.202403111256/tools/bin/../lib/gcc/arm-none-eabi/12.3.1/../../../../arm-none-eabi/lib/thumb/v7e-m+fp/hard\libc_nano.a(libc_a-init.o)
 .ARM.attributes
                0x000007fb       0x34 D:/STM32CubeIDE_1.15.0/STM32CubeIDE/plugins/com.st.stm32cube.ide.mcu.externaltools.gnu-tools-for-stm32.12.3.rel1.win32_1.0.100.202403111256/tools/bin/../lib/gcc/arm-none-eabi/12.3.1/../../../../arm-none-eabi/lib/thumb/v7e-m+fp/hard\libm.a(libm_a-wf_sqrt.o)
 .ARM.attributes
                0x0000082f       0x34 D:/STM32CubeIDE_1.15.0/STM32CubeIDE/plugins/com.st.stm32cube.ide.mcu.externaltools.gnu-tools-for-stm32.12.3.rel1.win32_1.0.100.202403111256/tools/bin/../lib/gcc/arm-none-eabi/12.3.1/../../../../arm-none-eabi/lib/thumb/v7e-m+fp/hard\libm.a(libm_a-sf_cos.o)
 .ARM.attributes
                0x00000863       0x34 D:/STM32CubeIDE_1.15.0/STM32CubeIDE/plugins/com.st.stm32cube.ide.mcu.externaltools.gnu-tools-for-stm32.12.3.rel1.win32_1.0.100.202403111256/tools/bin/../lib/gcc/arm-none-eabi/12.3.1/../../../../arm-none-eabi/lib/thumb/v7e-m+fp/hard\libm.a(libm_a-sf_sin.o)
 .ARM.attributes
                0x00000897       0x34 D:/STM32CubeIDE_1.15.0/STM32CubeIDE/plugins/com.st.stm32cube.ide.mcu.externaltools.gnu-tools-for-stm32.12.3.rel1.win32_1.0.100.202403111256/tools/bin/../lib/gcc/arm-none-eabi/12.3.1/../../../../arm-none-eabi/lib/thumb/v7e-m+fp/hard\libm.a(libm_a-ef_sqrt.o)
 .ARM.attributes
                0x000008cb       0x34 D:/STM32CubeIDE_1.15.0/STM32CubeIDE/plugins/com.st.stm32cube.ide.mcu.externaltools.gnu-tools-for-stm32.12.3.rel1.win32_1.0.100.202403111256/tools/bin/../lib/gcc/arm-none-eabi/12.3.1/../../../../arm-none-eabi/lib/thumb/v7e-m+fp/hard\libm.a(libm_a-kf_cos.o)
 .ARM.attributes
                0x000008ff       0x34 D:/STM32CubeIDE_1.15.0/STM32CubeIDE/plugins/com.st.stm32cube.ide.mcu.externaltools.gnu-tools-for-stm32.12.3.rel1.win32_1.0.100.202403111256/tools/bin/../lib/gcc/arm-none-eabi/12.3.1/../../../../arm-none-eabi/lib/thumb/v7e-m+fp/hard\libm.a(libm_a-kf_sin.o)
 .ARM.attributes
                0x00000933       0x34 D:/STM32CubeIDE_1.15.0/STM32CubeIDE/plugins/com.st.stm32cube.ide.mcu.externaltools.gnu-tools-for-stm32.12.3.rel1.win32_1.0.100.202403111256/tools/bin/../lib/gcc/arm-none-eabi/12.3.1/../../../../arm-none-eabi/lib/thumb/v7e-m+fp/hard\libm.a(libm_a-ef_rem_pio2.o)
 .ARM.attributes
                0x00000967       0x34 D:/STM32CubeIDE_1.15.0/STM32CubeIDE/plugins/com.st.stm32cube.ide.mcu.externaltools.gnu-tools-for-stm32.12.3.rel1.win32_1.0.100.202403111256/tools/bin/../lib/gcc/arm-none-eabi/12.3.1/../../../../arm-none-eabi/lib/thumb/v7e-m+fp/hard\libm.a(libm_a-sf_fabs.o)
 .ARM.attributes
                0x0000099b       0x34 D:/STM32CubeIDE_1.15.0/STM32CubeIDE/plugins/com.st.stm32cube.ide.mcu.externaltools.gnu-tools-for-stm32.12.3.rel1.win32_1.0.100.202403111256/tools/bin/../lib/gcc/arm-none-eabi/12.3.1/../../../../arm-none-eabi/lib/thumb/v7e-m+fp/hard\libm.a(libm_a-kf_rem_pio2.o)
 .ARM.attributes
                0x000009cf       0x34 D:/STM32CubeIDE_1.15.0/STM32CubeIDE/plugins/com.st.stm32cube.ide.mcu.externaltools.gnu-tools-for-stm32.12.3.rel1.win32_1.0.100.202403111256/tools/bin/../lib/gcc/arm-none-eabi/12.3.1/../../../../arm-none-eabi/lib/thumb/v7e-m+fp/hard\libm.a(libm_a-sf_scalbn.o)
 .ARM.attributes
                0x00000a03       0x34 D:/STM32CubeIDE_1.15.0/STM32CubeIDE/plugins/com.st.stm32cube.ide.mcu.externaltools.gnu-tools-for-stm32.12.3.rel1.win32_1.0.100.202403111256/tools/bin/../lib/gcc/arm-none-eabi/12.3.1/../../../../arm-none-eabi/lib/thumb/v7e-m+fp/hard\libm.a(libm_a-sf_floor.o)
 .ARM.attributes
                0x00000a37       0x22 D:/STM32CubeIDE_1.15.0/STM32CubeIDE/plugins/com.st.stm32cube.ide.mcu.externaltools.gnu-tools-for-stm32.12.3.rel1.win32_1.0.100.202403111256/tools/bin/../lib/gcc/arm-none-eabi/12.3.1/thumb/v7e-m+fp/hard\libgcc.a(_arm_addsubdf3.o)
 .ARM.attributes
                0x00000a59       0x22 D:/STM32CubeIDE_1.15.0/STM32CubeIDE/plugins/com.st.stm32cube.ide.mcu.externaltools.gnu-tools-for-stm32.12.3.rel1.win32_1.0.100.202403111256/tools/bin/../lib/gcc/arm-none-eabi/12.3.1/thumb/v7e-m+fp/hard\libgcc.a(_arm_muldivdf3.o)
 .ARM.attributes
                0x00000a7b       0x22 D:/STM32CubeIDE_1.15.0/STM32CubeIDE/plugins/com.st.stm32cube.ide.mcu.externaltools.gnu-tools-for-stm32.12.3.rel1.win32_1.0.100.202403111256/tools/bin/../lib/gcc/arm-none-eabi/12.3.1/thumb/v7e-m+fp/hard\libgcc.a(_arm_cmpdf2.o)
 .ARM.attributes
                0x00000a9d       0x22 D:/STM32CubeIDE_1.15.0/STM32CubeIDE/plugins/com.st.stm32cube.ide.mcu.externaltools.gnu-tools-for-stm32.12.3.rel1.win32_1.0.100.202403111256/tools/bin/../lib/gcc/arm-none-eabi/12.3.1/thumb/v7e-m+fp/hard\libgcc.a(_arm_truncdfsf2.o)
 .ARM.attributes
                0x00000abf       0x22 D:/STM32CubeIDE_1.15.0/STM32CubeIDE/plugins/com.st.stm32cube.ide.mcu.externaltools.gnu-tools-for-stm32.12.3.rel1.win32_1.0.100.202403111256/tools/bin/../lib/gcc/arm-none-eabi/12.3.1/thumb/v7e-m+fp/hard/crtn.o
OUTPUT(SolarInverter.elf elf32-littlearm)
LOAD linker stubs
LOAD D:/STM32CubeIDE_1.15.0/STM32CubeIDE/plugins/com.st.stm32cube.ide.mcu.externaltools.gnu-tools-for-stm32.12.3.rel1.win32_1.0.100.202403111256/tools/bin/../lib/gcc/arm-none-eabi/12.3.1/../../../../arm-none-eabi/lib/thumb/v7e-m+fp/hard\libc.a
LOAD D:/STM32CubeIDE_1.15.0/STM32CubeIDE/plugins/com.st.stm32cube.ide.mcu.externaltools.gnu-tools-for-stm32.12.3.rel1.win32_1.0.100.202403111256/tools/bin/../lib/gcc/arm-none-eabi/12.3.1/../../../../arm-none-eabi/lib/thumb/v7e-m+fp/hard\libm.a
LOAD D:/STM32CubeIDE_1.15.0/STM32CubeIDE/plugins/com.st.stm32cube.ide.mcu.externaltools.gnu-tools-for-stm32.12.3.rel1.win32_1.0.100.202403111256/tools/bin/../lib/gcc/arm-none-eabi/12.3.1/thumb/v7e-m+fp/hard\libgcc.a

.debug_info     0x00000000    0x178ec
 .debug_info    0x00000000     0x193d ./Core/Src/DCL.o
 .debug_info    0x0000193d      0x197 ./Core/Src/PID.o
 .debug_info    0x00001ad4      0x21e ./Core/Src/PR.o
 .debug_info    0x00001cf2      0xb80 ./Core/Src/adc.o
 .debug_info    0x00002872      0x38e ./Core/Src/config.o
 .debug_info    0x00002c00      0x31d ./Core/Src/dma.o
 .debug_info    0x00002f1d      0x333 ./Core/Src/gpio.o
 .debug_info    0x00003250      0xfb9 ./Core/Src/hrtim.o
 .debug_info    0x00004209      0x1f3 ./Core/Src/lowPassFilter.o
 .debug_info    0x000043fc      0x415 ./Core/Src/main.o
 .debug_info    0x00004811      0x229 ./Core/Src/mppt.o
 .debug_info    0x00004a3a      0x5f5 ./Core/Src/sample.o
 .debug_info    0x0000502f      0x37d ./Core/Src/sogiPll.o
 .debug_info    0x000053ac     0x1ed0 ./Core/Src/stateMachine.o
 .debug_info    0x0000727c      0x18d ./Core/Src/stm32f3xx_hal_msp.o
 .debug_info    0x00007409      0x712 ./Core/Src/stm32f3xx_it.o
 .debug_info    0x00007b1b      0x407 ./Core/Src/system_stm32f3xx.o
 .debug_info    0x00007f22      0x848 ./Core/Src/task.o
 .debug_info    0x0000876a      0xe3a ./Core/Src/tim.o
 .debug_info    0x000095a4       0x30 ./Core/Startup/startup_stm32f334c8tx.o
 .debug_info    0x000095d4      0x774 ./Drivers/STM32F3xx_HAL_Driver/Src/stm32f3xx_hal.o
 .debug_info    0x00009d48      0xb32 ./Drivers/STM32F3xx_HAL_Driver/Src/stm32f3xx_hal_adc.o
 .debug_info    0x0000a87a     0x15b2 ./Drivers/STM32F3xx_HAL_Driver/Src/stm32f3xx_hal_adc_ex.o
 .debug_info    0x0000be2c      0xab1 ./Drivers/STM32F3xx_HAL_Driver/Src/stm32f3xx_hal_cortex.o
 .debug_info    0x0000c8dd      0x6e1 ./Drivers/STM32F3xx_HAL_Driver/Src/stm32f3xx_hal_dma.o
 .debug_info    0x0000cfbe      0x6a6 ./Drivers/STM32F3xx_HAL_Driver/Src/stm32f3xx_hal_gpio.o
 .debug_info    0x0000d664     0x34ce ./Drivers/STM32F3xx_HAL_Driver/Src/stm32f3xx_hal_hrtim.o
 .debug_info    0x00010b32      0x8cc ./Drivers/STM32F3xx_HAL_Driver/Src/stm32f3xx_hal_i2c_ex.o
 .debug_info    0x000113fe     0x14f1 ./Drivers/STM32F3xx_HAL_Driver/Src/stm32f3xx_hal_rcc.o
 .debug_info    0x000128ef      0x55e ./Drivers/STM32F3xx_HAL_Driver/Src/stm32f3xx_hal_rcc_ex.o
 .debug_info    0x00012e4d     0x2a52 ./Drivers/STM32F3xx_HAL_Driver/Src/stm32f3xx_hal_tim.o
 .debug_info    0x0001589f     0x156d ./Drivers/STM32F3xx_HAL_Driver/Src/stm32f3xx_hal_tim_ex.o
 .debug_info    0x00016e0c      0xae0 ../Middlewares/ST/ARM/DSP/Lib\libarm_cortexM4lf_math.a(arm_abs_f32.o)

.debug_abbrev   0x00000000     0x3c46
 .debug_abbrev  0x00000000      0x2f6 ./Core/Src/DCL.o
 .debug_abbrev  0x000002f6       0xff ./Core/Src/PID.o
 .debug_abbrev  0x000003f5       0xf2 ./Core/Src/PR.o
 .debug_abbrev  0x000004e7      0x274 ./Core/Src/adc.o
 .debug_abbrev  0x0000075b       0xf1 ./Core/Src/config.o
 .debug_abbrev  0x0000084c       0xfc ./Core/Src/dma.o
 .debug_abbrev  0x00000948      0x166 ./Core/Src/gpio.o
 .debug_abbrev  0x00000aae      0x224 ./Core/Src/hrtim.o
 .debug_abbrev  0x00000cd2      0x10f ./Core/Src/lowPassFilter.o
 .debug_abbrev  0x00000de1      0x1ea ./Core/Src/main.o
 .debug_abbrev  0x00000fcb      0x103 ./Core/Src/mppt.o
 .debug_abbrev  0x000010ce      0x1c1 ./Core/Src/sample.o
 .debug_abbrev  0x0000128f      0x178 ./Core/Src/sogiPll.o
 .debug_abbrev  0x00001407      0x2b9 ./Core/Src/stateMachine.o
 .debug_abbrev  0x000016c0       0xc6 ./Core/Src/stm32f3xx_hal_msp.o
 .debug_abbrev  0x00001786      0x195 ./Core/Src/stm32f3xx_it.o
 .debug_abbrev  0x0000191b      0x11a ./Core/Src/system_stm32f3xx.o
 .debug_abbrev  0x00001a35      0x210 ./Core/Src/task.o
 .debug_abbrev  0x00001c45      0x295 ./Core/Src/tim.o
 .debug_abbrev  0x00001eda       0x24 ./Core/Startup/startup_stm32f334c8tx.o
 .debug_abbrev  0x00001efe      0x215 ./Drivers/STM32F3xx_HAL_Driver/Src/stm32f3xx_hal.o
 .debug_abbrev  0x00002113      0x186 ./Drivers/STM32F3xx_HAL_Driver/Src/stm32f3xx_hal_adc.o
 .debug_abbrev  0x00002299      0x28e ./Drivers/STM32F3xx_HAL_Driver/Src/stm32f3xx_hal_adc_ex.o
 .debug_abbrev  0x00002527      0x2f8 ./Drivers/STM32F3xx_HAL_Driver/Src/stm32f3xx_hal_cortex.o
 .debug_abbrev  0x0000281f      0x20d ./Drivers/STM32F3xx_HAL_Driver/Src/stm32f3xx_hal_dma.o
 .debug_abbrev  0x00002a2c      0x1ca ./Drivers/STM32F3xx_HAL_Driver/Src/stm32f3xx_hal_gpio.o
 .debug_abbrev  0x00002bf6      0x276 ./Drivers/STM32F3xx_HAL_Driver/Src/stm32f3xx_hal_hrtim.o
 .debug_abbrev  0x00002e6c      0x1c2 ./Drivers/STM32F3xx_HAL_Driver/Src/stm32f3xx_hal_i2c_ex.o
 .debug_abbrev  0x0000302e      0x300 ./Drivers/STM32F3xx_HAL_Driver/Src/stm32f3xx_hal_rcc.o
 .debug_abbrev  0x0000332e      0x232 ./Drivers/STM32F3xx_HAL_Driver/Src/stm32f3xx_hal_rcc_ex.o
 .debug_abbrev  0x00003560      0x278 ./Drivers/STM32F3xx_HAL_Driver/Src/stm32f3xx_hal_tim.o
 .debug_abbrev  0x000037d8      0x283 ./Drivers/STM32F3xx_HAL_Driver/Src/stm32f3xx_hal_tim_ex.o
 .debug_abbrev  0x00003a5b      0x1eb ../Middlewares/ST/ARM/DSP/Lib\libarm_cortexM4lf_math.a(arm_abs_f32.o)

.debug_aranges  0x00000000     0x14b8
 .debug_aranges
                0x00000000       0x98 ./Core/Src/DCL.o
 .debug_aranges
                0x00000098       0x30 ./Core/Src/PID.o
 .debug_aranges
                0x000000c8       0x28 ./Core/Src/PR.o
 .debug_aranges
                0x000000f0       0x40 ./Core/Src/adc.o
 .debug_aranges
                0x00000130       0x30 ./Core/Src/config.o
 .debug_aranges
                0x00000160       0x20 ./Core/Src/dma.o
 .debug_aranges
                0x00000180       0x20 ./Core/Src/gpio.o
 .debug_aranges
                0x000001a0       0x38 ./Core/Src/hrtim.o
 .debug_aranges
                0x000001d8       0x28 ./Core/Src/lowPassFilter.o
 .debug_aranges
                0x00000200       0x30 ./Core/Src/main.o
 .debug_aranges
                0x00000230       0x30 ./Core/Src/mppt.o
 .debug_aranges
                0x00000260       0x48 ./Core/Src/sample.o
 .debug_aranges
                0x000002a8       0x38 ./Core/Src/sogiPll.o
 .debug_aranges
                0x000002e0       0xc0 ./Core/Src/stateMachine.o
 .debug_aranges
                0x000003a0       0x20 ./Core/Src/stm32f3xx_hal_msp.o
 .debug_aranges
                0x000003c0       0x70 ./Core/Src/stm32f3xx_it.o
 .debug_aranges
                0x00000430       0x28 ./Core/Src/system_stm32f3xx.o
 .debug_aranges
                0x00000458       0x68 ./Core/Src/task.o
 .debug_aranges
                0x000004c0       0x58 ./Core/Src/tim.o
 .debug_aranges
                0x00000518       0x28 ./Core/Startup/startup_stm32f334c8tx.o
 .debug_aranges
                0x00000540       0xe0 ./Drivers/STM32F3xx_HAL_Driver/Src/stm32f3xx_hal.o
 .debug_aranges
                0x00000620       0xc8 ./Drivers/STM32F3xx_HAL_Driver/Src/stm32f3xx_hal_adc.o
 .debug_aranges
                0x000006e8      0x168 ./Drivers/STM32F3xx_HAL_Driver/Src/stm32f3xx_hal_adc_ex.o
 .debug_aranges
                0x00000850      0x100 ./Drivers/STM32F3xx_HAL_Driver/Src/stm32f3xx_hal_cortex.o
 .debug_aranges
                0x00000950       0x88 ./Drivers/STM32F3xx_HAL_Driver/Src/stm32f3xx_hal_dma.o
 .debug_aranges
                0x000009d8       0x58 ./Drivers/STM32F3xx_HAL_Driver/Src/stm32f3xx_hal_gpio.o
 .debug_aranges
                0x00000a30      0x408 ./Drivers/STM32F3xx_HAL_Driver/Src/stm32f3xx_hal_hrtim.o
 .debug_aranges
                0x00000e38       0x48 ./Drivers/STM32F3xx_HAL_Driver/Src/stm32f3xx_hal_i2c_ex.o
 .debug_aranges
                0x00000e80       0x88 ./Drivers/STM32F3xx_HAL_Driver/Src/stm32f3xx_hal_rcc.o
 .debug_aranges
                0x00000f08       0x38 ./Drivers/STM32F3xx_HAL_Driver/Src/stm32f3xx_hal_rcc_ex.o
 .debug_aranges
                0x00000f40      0x3e0 ./Drivers/STM32F3xx_HAL_Driver/Src/stm32f3xx_hal_tim.o
 .debug_aranges
                0x00001320      0x178 ./Drivers/STM32F3xx_HAL_Driver/Src/stm32f3xx_hal_tim_ex.o
 .debug_aranges
                0x00001498       0x20 ../Middlewares/ST/ARM/DSP/Lib\libarm_cortexM4lf_math.a(arm_abs_f32.o)

.debug_rnglists
                0x00000000      0xfd2
 .debug_rnglists
                0x00000000       0x73 ./Core/Src/DCL.o
 .debug_rnglists
                0x00000073       0x20 ./Core/Src/PID.o
 .debug_rnglists
                0x00000093       0x1b ./Core/Src/PR.o
 .debug_rnglists
                0x000000ae       0x2f ./Core/Src/adc.o
 .debug_rnglists
                0x000000dd       0x20 ./Core/Src/config.o
 .debug_rnglists
                0x000000fd       0x13 ./Core/Src/dma.o
 .debug_rnglists
                0x00000110       0x14 ./Core/Src/gpio.o
 .debug_rnglists
                0x00000124       0x26 ./Core/Src/hrtim.o
 .debug_rnglists
                0x0000014a       0x1a ./Core/Src/lowPassFilter.o
 .debug_rnglists
                0x00000164       0x20 ./Core/Src/main.o
 .debug_rnglists
                0x00000184       0x22 ./Core/Src/mppt.o
 .debug_rnglists
                0x000001a6       0x34 ./Core/Src/sample.o
 .debug_rnglists
                0x000001da       0x28 ./Core/Src/sogiPll.o
 .debug_rnglists
                0x00000202       0x8e ./Core/Src/stateMachine.o
 .debug_rnglists
                0x00000290       0x13 ./Core/Src/stm32f3xx_hal_msp.o
 .debug_rnglists
                0x000002a3       0x4f ./Core/Src/stm32f3xx_it.o
 .debug_rnglists
                0x000002f2       0x1a ./Core/Src/system_stm32f3xx.o
 .debug_rnglists
                0x0000030c       0x4b ./Core/Src/task.o
 .debug_rnglists
                0x00000357       0x43 ./Core/Src/tim.o
 .debug_rnglists
                0x0000039a       0x19 ./Core/Startup/startup_stm32f334c8tx.o
 .debug_rnglists
                0x000003b3       0xa3 ./Drivers/STM32F3xx_HAL_Driver/Src/stm32f3xx_hal.o
 .debug_rnglists
                0x00000456       0x91 ./Drivers/STM32F3xx_HAL_Driver/Src/stm32f3xx_hal_adc.o
 .debug_rnglists
                0x000004e7      0x126 ./Drivers/STM32F3xx_HAL_Driver/Src/stm32f3xx_hal_adc_ex.o
 .debug_rnglists
                0x0000060d       0xbb ./Drivers/STM32F3xx_HAL_Driver/Src/stm32f3xx_hal_cortex.o
 .debug_rnglists
                0x000006c8       0x69 ./Drivers/STM32F3xx_HAL_Driver/Src/stm32f3xx_hal_dma.o
 .debug_rnglists
                0x00000731       0x3f ./Drivers/STM32F3xx_HAL_Driver/Src/stm32f3xx_hal_gpio.o
 .debug_rnglists
                0x00000770      0x346 ./Drivers/STM32F3xx_HAL_Driver/Src/stm32f3xx_hal_hrtim.o
 .debug_rnglists
                0x00000ab6       0x35 ./Drivers/STM32F3xx_HAL_Driver/Src/stm32f3xx_hal_i2c_ex.o
 .debug_rnglists
                0x00000aeb       0x66 ./Drivers/STM32F3xx_HAL_Driver/Src/stm32f3xx_hal_rcc.o
 .debug_rnglists
                0x00000b51       0x28 ./Drivers/STM32F3xx_HAL_Driver/Src/stm32f3xx_hal_rcc_ex.o
 .debug_rnglists
                0x00000b79      0x328 ./Drivers/STM32F3xx_HAL_Driver/Src/stm32f3xx_hal_tim.o
 .debug_rnglists
                0x00000ea1      0x131 ./Drivers/STM32F3xx_HAL_Driver/Src/stm32f3xx_hal_tim_ex.o

.debug_macro    0x00000000    0x24161
 .debug_macro   0x00000000      0x3ad ./Core/Src/DCL.o
 .debug_macro   0x000003ad      0x15d ./Core/Src/DCL.o
 .debug_macro   0x0000050a       0x2e ./Core/Src/DCL.o
 .debug_macro   0x00000538       0x28 ./Core/Src/DCL.o
 .debug_macro   0x00000560       0x22 ./Core/Src/DCL.o
 .debug_macro   0x00000582       0x8e ./Core/Src/DCL.o
 .debug_macro   0x00000610       0x51 ./Core/Src/DCL.o
 .debug_macro   0x00000661      0x103 ./Core/Src/DCL.o
 .debug_macro   0x00000764       0x6a ./Core/Src/DCL.o
 .debug_macro   0x000007ce      0x1df ./Core/Src/DCL.o
 .debug_macro   0x000009ad       0x1c ./Core/Src/DCL.o
 .debug_macro   0x000009c9       0x22 ./Core/Src/DCL.o
 .debug_macro   0x000009eb       0xd9 ./Core/Src/DCL.o
 .debug_macro   0x00000ac4      0xf07 ./Core/Src/DCL.o
 .debug_macro   0x000019cb    0x1585b ./Core/Src/DCL.o
 .debug_macro   0x00017226       0x6d ./Core/Src/DCL.o
 .debug_macro   0x00017293     0x3558 ./Core/Src/DCL.o
 .debug_macro   0x0001a7eb      0x189 ./Core/Src/DCL.o
 .debug_macro   0x0001a974       0x55 ./Core/Src/DCL.o
 .debug_macro   0x0001a9c9      0x8f8 ./Core/Src/DCL.o
 .debug_macro   0x0001b2c1      0x358 ./Core/Src/DCL.o
 .debug_macro   0x0001b619      0x1b5 ./Core/Src/DCL.o
 .debug_macro   0x0001b7ce      0x130 ./Core/Src/DCL.o
 .debug_macro   0x0001b8fe      0x1d5 ./Core/Src/DCL.o
 .debug_macro   0x0001bad3      0x1bc ./Core/Src/DCL.o
 .debug_macro   0x0001bc8f       0x34 ./Core/Src/DCL.o
 .debug_macro   0x0001bcc3       0x3c ./Core/Src/DCL.o
 .debug_macro   0x0001bcff       0x57 ./Core/Src/DCL.o
 .debug_macro   0x0001bd56      0x845 ./Core/Src/DCL.o
 .debug_macro   0x0001c59b       0x77 ./Core/Src/DCL.o
 .debug_macro   0x0001c612       0xc5 ./Core/Src/DCL.o
 .debug_macro   0x0001c6d7      0x19f ./Core/Src/DCL.o
 .debug_macro   0x0001c876     0x166e ./Core/Src/DCL.o
 .debug_macro   0x0001dee4      0x22c ./Core/Src/DCL.o
 .debug_macro   0x0001e110       0x5b ./Core/Src/DCL.o
 .debug_macro   0x0001e16b       0xa5 ./Core/Src/DCL.o
 .debug_macro   0x0001e210       0x81 ./Core/Src/DCL.o
 .debug_macro   0x0001e291       0xd3 ./Core/Src/DCL.o
 .debug_macro   0x0001e364      0xa59 ./Core/Src/DCL.o
 .debug_macro   0x0001edbd       0x59 ./Core/Src/DCL.o
 .debug_macro   0x0001ee16      0x2a1 ./Core/Src/DCL.o
 .debug_macro   0x0001f0b7       0xf4 ./Core/Src/DCL.o
 .debug_macro   0x0001f1ab       0x22 ./Core/Src/DCL.o
 .debug_macro   0x0001f1cd       0x12 ./Core/Src/DCL.o
 .debug_macro   0x0001f1df       0x12 ./Core/Src/DCL.o
 .debug_macro   0x0001f1f1       0x61 ./Core/Src/DCL.o
 .debug_macro   0x0001f252       0x2a ./Core/Src/DCL.o
 .debug_macro   0x0001f27c       0x43 ./Core/Src/DCL.o
 .debug_macro   0x0001f2bf       0x34 ./Core/Src/DCL.o
 .debug_macro   0x0001f2f3       0x16 ./Core/Src/DCL.o
 .debug_macro   0x0001f309       0x43 ./Core/Src/DCL.o
 .debug_macro   0x0001f34c       0x34 ./Core/Src/DCL.o
 .debug_macro   0x0001f380       0x10 ./Core/Src/DCL.o
 .debug_macro   0x0001f390       0x58 ./Core/Src/DCL.o
 .debug_macro   0x0001f3e8       0x8e ./Core/Src/DCL.o
 .debug_macro   0x0001f476       0x1c ./Core/Src/DCL.o
 .debug_macro   0x0001f492      0x177 ./Core/Src/DCL.o
 .debug_macro   0x0001f609      0x369 ./Core/Src/DCL.o
 .debug_macro   0x0001f972       0x10 ./Core/Src/DCL.o
 .debug_macro   0x0001f982       0x35 ./Core/Src/DCL.o
 .debug_macro   0x0001f9b7       0x20 ./Core/Src/DCL.o
 .debug_macro   0x0001f9d7      0x19b ./Core/Src/DCL.o
 .debug_macro   0x0001fb72       0xd6 ./Core/Src/DCL.o
 .debug_macro   0x0001fc48       0x16 ./Core/Src/DCL.o
 .debug_macro   0x0001fc5e       0x16 ./Core/Src/DCL.o
 .debug_macro   0x0001fc74       0x29 ./Core/Src/DCL.o
 .debug_macro   0x0001fc9d       0xa6 ./Core/Src/DCL.o
 .debug_macro   0x0001fd43       0x1b ./Core/Src/PID.o
 .debug_macro   0x0001fd5e      0x195 ./Core/Src/PR.o
 .debug_macro   0x0001fef3      0x39d ./Core/Src/adc.o
 .debug_macro   0x00020290      0x367 ./Core/Src/config.o
 .debug_macro   0x000205f7       0xa0 ./Core/Src/config.o
 .debug_macro   0x00020697      0x1ee ./Core/Src/dma.o
 .debug_macro   0x00020885      0x1ee ./Core/Src/gpio.o
 .debug_macro   0x00020a73      0x1ee ./Core/Src/hrtim.o
 .debug_macro   0x00020c61      0x36b ./Core/Src/lowPassFilter.o
 .debug_macro   0x00020fcc      0x37a ./Core/Src/main.o
 .debug_macro   0x00021346       0x25 ./Core/Src/mppt.o
 .debug_macro   0x0002136b      0x37f ./Core/Src/sample.o
 .debug_macro   0x000216ea      0x36b ./Core/Src/sogiPll.o
 .debug_macro   0x00021a55      0x3a6 ./Core/Src/stateMachine.o
 .debug_macro   0x00021dfb       0x10 ./Core/Src/stateMachine.o
 .debug_macro   0x00021e0b      0x1e4 ./Core/Src/stm32f3xx_hal_msp.o
 .debug_macro   0x00021fef      0x1ee ./Core/Src/stm32f3xx_it.o
 .debug_macro   0x000221dd      0x1d5 ./Core/Src/system_stm32f3xx.o
 .debug_macro   0x000223b2      0x39c ./Core/Src/task.o
 .debug_macro   0x0002274e      0x37f ./Core/Src/tim.o
 .debug_macro   0x00022acd      0x1f9 ./Drivers/STM32F3xx_HAL_Driver/Src/stm32f3xx_hal.o
 .debug_macro   0x00022cc6      0x1d6 ./Drivers/STM32F3xx_HAL_Driver/Src/stm32f3xx_hal_adc.o
 .debug_macro   0x00022e9c      0x1ff ./Drivers/STM32F3xx_HAL_Driver/Src/stm32f3xx_hal_adc_ex.o
 .debug_macro   0x0002309b      0x1d5 ./Drivers/STM32F3xx_HAL_Driver/Src/stm32f3xx_hal_cortex.o
 .debug_macro   0x00023270      0x1d5 ./Drivers/STM32F3xx_HAL_Driver/Src/stm32f3xx_hal_dma.o
 .debug_macro   0x00023445      0x1dc ./Drivers/STM32F3xx_HAL_Driver/Src/stm32f3xx_hal_gpio.o
 .debug_macro   0x00023621      0x1f2 ./Drivers/STM32F3xx_HAL_Driver/Src/stm32f3xx_hal_hrtim.o
 .debug_macro   0x00023813      0x1d5 ./Drivers/STM32F3xx_HAL_Driver/Src/stm32f3xx_hal_i2c_ex.o
 .debug_macro   0x000239e8      0x1f9 ./Drivers/STM32F3xx_HAL_Driver/Src/stm32f3xx_hal_rcc.o
 .debug_macro   0x00023be1      0x1d5 ./Drivers/STM32F3xx_HAL_Driver/Src/stm32f3xx_hal_rcc_ex.o
 .debug_macro   0x00023db6      0x1d6 ./Drivers/STM32F3xx_HAL_Driver/Src/stm32f3xx_hal_tim.o
 .debug_macro   0x00023f8c      0x1d5 ./Drivers/STM32F3xx_HAL_Driver/Src/stm32f3xx_hal_tim_ex.o

.debug_line     0x00000000    0x1c986
 .debug_line    0x00000000      0xcef ./Core/Src/DCL.o
 .debug_line    0x00000cef       0xfc ./Core/Src/PID.o
 .debug_line    0x00000deb      0x73a ./Core/Src/PR.o
 .debug_line    0x00001525      0xbad ./Core/Src/adc.o
 .debug_line    0x000020d2      0x9f1 ./Core/Src/config.o
 .debug_line    0x00002ac3      0x771 ./Core/Src/dma.o
 .debug_line    0x00003234      0x7ad ./Core/Src/gpio.o
 .debug_line    0x000039e1      0x926 ./Core/Src/hrtim.o
 .debug_line    0x00004307      0x9fa ./Core/Src/lowPassFilter.o
 .debug_line    0x00004d01      0xa1c ./Core/Src/main.o
 .debug_line    0x0000571d      0x1c7 ./Core/Src/mppt.o
 .debug_line    0x000058e4      0xbcd ./Core/Src/sample.o
 .debug_line    0x000064b1      0xb8b ./Core/Src/sogiPll.o
 .debug_line    0x0000703c      0xda3 ./Core/Src/stateMachine.o
 .debug_line    0x00007ddf      0x775 ./Core/Src/stm32f3xx_hal_msp.o
 .debug_line    0x00008554      0x869 ./Core/Src/stm32f3xx_it.o
 .debug_line    0x00008dbd      0x7ef ./Core/Src/system_stm32f3xx.o
 .debug_line    0x000095ac      0xbf0 ./Core/Src/task.o
 .debug_line    0x0000a19c      0xbba ./Core/Src/tim.o
 .debug_line    0x0000ad56       0x7a ./Core/Startup/startup_stm32f334c8tx.o
 .debug_line    0x0000add0      0xa27 ./Drivers/STM32F3xx_HAL_Driver/Src/stm32f3xx_hal.o
 .debug_line    0x0000b7f7      0x965 ./Drivers/STM32F3xx_HAL_Driver/Src/stm32f3xx_hal_adc.o
 .debug_line    0x0000c15c     0x2105 ./Drivers/STM32F3xx_HAL_Driver/Src/stm32f3xx_hal_adc_ex.o
 .debug_line    0x0000e261      0xc0d ./Drivers/STM32F3xx_HAL_Driver/Src/stm32f3xx_hal_cortex.o
 .debug_line    0x0000ee6e      0xd0f ./Drivers/STM32F3xx_HAL_Driver/Src/stm32f3xx_hal_dma.o
 .debug_line    0x0000fb7d      0xb8a ./Drivers/STM32F3xx_HAL_Driver/Src/stm32f3xx_hal_gpio.o
 .debug_line    0x00010707     0x3f60 ./Drivers/STM32F3xx_HAL_Driver/Src/stm32f3xx_hal_hrtim.o
 .debug_line    0x00014667      0x993 ./Drivers/STM32F3xx_HAL_Driver/Src/stm32f3xx_hal_i2c_ex.o
 .debug_line    0x00014ffa     0x13fb ./Drivers/STM32F3xx_HAL_Driver/Src/stm32f3xx_hal_rcc.o
 .debug_line    0x000163f5      0xb12 ./Drivers/STM32F3xx_HAL_Driver/Src/stm32f3xx_hal_rcc_ex.o
 .debug_line    0x00016f07     0x3cf0 ./Drivers/STM32F3xx_HAL_Driver/Src/stm32f3xx_hal_tim.o
 .debug_line    0x0001abf7     0x1aa3 ./Drivers/STM32F3xx_HAL_Driver/Src/stm32f3xx_hal_tim_ex.o
 .debug_line    0x0001c69a      0x2ec ../Middlewares/ST/ARM/DSP/Lib\libarm_cortexM4lf_math.a(arm_abs_f32.o)

.debug_str      0x00000000    0xdc55f
 .debug_str     0x00000000    0xd6a3b ./Core/Src/DCL.o
                              0xd6e24 (size before relaxing)
 .debug_str     0x000d6a3b       0x2d ./Core/Src/PID.o
                               0x2e8a (size before relaxing)
 .debug_str     0x000d6a68       0x11 ./Core/Src/PR.o
                               0x8976 (size before relaxing)
 .debug_str     0x000d6a79      0x462 ./Core/Src/adc.o
                              0xd6563 (size before relaxing)
 .debug_str     0x000d6edb       0x41 ./Core/Src/config.o
                              0xd6036 (size before relaxing)
 .debug_str     0x000d6f1c      0x2e4 ./Core/Src/dma.o
                              0xd1f5f (size before relaxing)
 .debug_str     0x000d7200       0x79 ./Core/Src/gpio.o
                              0xd1cbc (size before relaxing)
 .debug_str     0x000d7279      0x321 ./Core/Src/hrtim.o
                              0xd25a9 (size before relaxing)
 .debug_str     0x000d759a       0xd4 ./Core/Src/lowPassFilter.o
                              0xd5e87 (size before relaxing)
 .debug_str     0x000d766e      0x277 ./Core/Src/main.o
                              0xd5f39 (size before relaxing)
 .debug_str     0x000d78e5       0x24 ./Core/Src/mppt.o
                               0x2ef2 (size before relaxing)
 .debug_str     0x000d7909      0x155 ./Core/Src/sample.o
                              0xd6132 (size before relaxing)
 .debug_str     0x000d7a5e       0x93 ./Core/Src/sogiPll.o
                              0xd5f01 (size before relaxing)
 .debug_str     0x000d7af1      0x1d6 ./Core/Src/stateMachine.o
                              0xd7354 (size before relaxing)
 .debug_str     0x000d7cc7       0x2c ./Core/Src/stm32f3xx_hal_msp.o
                              0xd1bd4 (size before relaxing)
 .debug_str     0x000d7cf3      0x108 ./Core/Src/stm32f3xx_it.o
                              0xd2181 (size before relaxing)
 .debug_str     0x000d7dfb       0xdf ./Core/Src/system_stm32f3xx.o
                              0xd193d (size before relaxing)
 .debug_str     0x000d7eda       0x73 ./Core/Src/task.o
                              0xd62b2 (size before relaxing)
 .debug_str     0x000d7f4d      0x23a ./Core/Src/tim.o
                              0xd6a93 (size before relaxing)
 .debug_str     0x000d8187       0x44 ./Core/Startup/startup_stm32f334c8tx.o
                                 0x7d (size before relaxing)
 .debug_str     0x000d81cb      0x3a1 ./Drivers/STM32F3xx_HAL_Driver/Src/stm32f3xx_hal.o
                              0xd20a5 (size before relaxing)
 .debug_str     0x000d856c      0x1dc ./Drivers/STM32F3xx_HAL_Driver/Src/stm32f3xx_hal_adc.o
                              0xd1f2a (size before relaxing)
 .debug_str     0x000d8748      0x68f ./Drivers/STM32F3xx_HAL_Driver/Src/stm32f3xx_hal_adc_ex.o
                              0xd2643 (size before relaxing)
 .debug_str     0x000d8dd7      0x22c ./Drivers/STM32F3xx_HAL_Driver/Src/stm32f3xx_hal_cortex.o
                              0xd1fca (size before relaxing)
 .debug_str     0x000d9003      0x1e4 ./Drivers/STM32F3xx_HAL_Driver/Src/stm32f3xx_hal_dma.o
                              0xd1c85 (size before relaxing)
 .debug_str     0x000d91e7      0x144 ./Drivers/STM32F3xx_HAL_Driver/Src/stm32f3xx_hal_gpio.o
                              0xd1b1c (size before relaxing)
 .debug_str     0x000d932b     0x1428 ./Drivers/STM32F3xx_HAL_Driver/Src/stm32f3xx_hal_hrtim.o
                              0xd3783 (size before relaxing)
 .debug_str     0x000da753      0x313 ./Drivers/STM32F3xx_HAL_Driver/Src/stm32f3xx_hal_i2c_ex.o
                              0xd1ee4 (size before relaxing)
 .debug_str     0x000daa66      0x2ca ./Drivers/STM32F3xx_HAL_Driver/Src/stm32f3xx_hal_rcc.o
                              0xd1ddd (size before relaxing)
 .debug_str     0x000dad30       0xbe ./Drivers/STM32F3xx_HAL_Driver/Src/stm32f3xx_hal_rcc_ex.o
                              0xd1af1 (size before relaxing)
 .debug_str     0x000dadee      0xd25 ./Drivers/STM32F3xx_HAL_Driver/Src/stm32f3xx_hal_tim.o
                              0xd2d64 (size before relaxing)
 .debug_str     0x000dbb13      0x4dc ./Drivers/STM32F3xx_HAL_Driver/Src/stm32f3xx_hal_tim_ex.o
                              0xd25ba (size before relaxing)
 .debug_str     0x000dbfef      0x570 ../Middlewares/ST/ARM/DSP/Lib\libarm_cortexM4lf_math.a(arm_abs_f32.o)
                                0x66a (size before relaxing)

.comment        0x00000000       0xb8
 .comment       0x00000000       0x43 ./Core/Src/DCL.o
                                 0x44 (size before relaxing)
 .comment       0x00000043       0x44 ./Core/Src/PID.o
 .comment       0x00000043       0x44 ./Core/Src/PR.o
 .comment       0x00000043       0x44 ./Core/Src/adc.o
 .comment       0x00000043       0x44 ./Core/Src/config.o
 .comment       0x00000043       0x44 ./Core/Src/dma.o
 .comment       0x00000043       0x44 ./Core/Src/gpio.o
 .comment       0x00000043       0x44 ./Core/Src/hrtim.o
 .comment       0x00000043       0x44 ./Core/Src/lowPassFilter.o
 .comment       0x00000043       0x44 ./Core/Src/main.o
 .comment       0x00000043       0x44 ./Core/Src/mppt.o
 .comment       0x00000043       0x44 ./Core/Src/sample.o
 .comment       0x00000043       0x44 ./Core/Src/sogiPll.o
 .comment       0x00000043       0x44 ./Core/Src/stateMachine.o
 .comment       0x00000043       0x44 ./Core/Src/stm32f3xx_hal_msp.o
 .comment       0x00000043       0x44 ./Core/Src/stm32f3xx_it.o
 .comment       0x00000043       0x44 ./Core/Src/system_stm32f3xx.o
 .comment       0x00000043       0x44 ./Core/Src/task.o
 .comment       0x00000043       0x44 ./Core/Src/tim.o