../Core/Inc/DCL.h:53:20:startPWM	8	static
../Core/Inc/DCL.h:64:20:stopPWM	8	static
../Core/Inc/DCL.h:111:20:startAllInterrupt	4	static,ignoring_inline_asm
../Core/Inc/DCL.h:116:20:stopAllInterrupt	4	static,ignoring_inline_asm
../Core/Inc/DCL.h:166:20:stopTim1Interrupt	8	static
../Core/Inc/DCL.h:172:20:stopTim2Interrupt	8	static
../Core/Inc/DCL.h:178:20:startTim1Interrupt	8	static
../Core/Inc/DCL.h:195:20:startTim2Interrupt	8	static
../Core/Inc/DCL.h:212:20:changeADCTrigToTim1	4	static
../Core/Inc/DCL.h:219:20:changeADCTrigToTim2	4	static
../Core/Inc/DCL.h:225:20:openRelay	8	static
../Core/Inc/DCL.h:231:20:closeRelay	8	static
../Core/Inc/DCL.h:237:20:openRed	8	static
../Core/Inc/DCL.h:243:20:openGreen	8	static
../Core/Inc/task.h:43:20:changeTaskTim2ToInit	8	static
../Core/Inc/task.h:48:20:changeTaskTim2ToCheck	8	static
../Core/Src/stateMachine.c:17:6:runInit	8	static
../Core/Src/stateMachine.c:96:6:checkSelfState	8	static
../Core/Src/stateMachine.c:190:6:faultHandle	8	static
../Core/Src/stateMachine.c:225:6:fsmInit	16	static
../Core/Src/stateMachine.c:231:6:startFsm	8	static
